
> casino-blackjack@0.0.0 test:e2e
> playwright test

[WebServer] (node:15156) Warning: The 'NO_COLOR' env is ignored due to the 'FORCE_COLOR' env being set.
[WebServer] (Use `node --trace-warnings ...` to show where the warning was created)

Running 66 tests using 1 worker

(node:32872) Warning: The 'NO_COLOR' env is ignored due to the 'FORCE_COLOR' env being set.
(Use `node --trace-warnings ...` to show where the warning was created)
  ok  1 [chromium] › tests\browser\accessibility.spec.ts:10:1 › [REG-M7-041] [UX-11] [E2E-12] keyboard-only setup, wager, Hit/Stand and completion with visible focus (1.5s)
  ok  2 [chromium] › tests\browser\accessibility.spec.ts:22:1 › [REG-M7-042] desktop has no horizontal overflow and primary controls meet touch height (831ms)
  ok  3 [chromium] › tests\browser\accessibility.spec.ts:31:1 › [REG-M7-043] [UX-12] [E2E-13] 320px mobile prioritizes the local hand without page horizontal overflow (599ms)
  ok  4 [chromium] › tests\browser\accessibility.spec.ts:43:1 › [REG-M7-044] reduced-motion still exposes controls, semantic names and secret-free card back (575ms)
  ok  5 [chromium] › tests\browser\gameplay.spec.ts:7:1 › [REG-M7-045] [E2E-01] start a round and complete exact Hit/Stand flow (942ms)
  ok  6 [chromium] › tests\browser\gameplay.spec.ts:15:1 › [REG-M7-046] [UX-04] [E2E-02] known hidden rank/suit/physical ID absent from DOM and accessibility until reveal (766ms)
  ok  7 [chromium] › tests\browser\gameplay.spec.ts:28:1 › [REG-M7-047] [UX-06] [E2E-03] completed hand has no further gameplay controls (712ms)
  ok  8 [chromium] › tests\browser\gameplay.spec.ts:33:1 › [REG-M7-048] [UX-08] [E2E-04] insufficient available credits disable Double with a reason (600ms)
  ok  9 [chromium] › tests\browser\gameplay.spec.ts:38:1 › [REG-M7-049] [UX-09] [E2E-05] Split displays two ordered hands and activates the sibling after Stand (692ms)
  ok 10 [chromium] › tests\browser\gameplay.spec.ts:45:1 › [REG-M7-050] [E2E-06] Split Aces have one added card each and no Hit/Double/Surrender (842ms)
  ok 11 [chromium] › tests\browser\gameplay.spec.ts:51:1 › [REG-M7-051] [E2E-07] Surrender shows exact half returned and half lost (712ms)
  ok 12 [chromium] › tests\browser\gameplay.spec.ts:55:1 › [REG-M7-052] [E2E-08] Ace choices are before peek and eligible Even Money is distinct (613ms)
  ok 13 [chromium] › tests\browser\gameplay.spec.ts:61:1 › [REG-M7-053] [UX-10] [E2E-09] one seat busts while another remains active and hole card stays hidden (787ms)
  ok 14 [chromium] › tests\browser\gameplay.spec.ts:66:1 › [REG-M7-054] [E2E-10] independent side result survives a main loss (804ms)
  ok 15 [chromium] › tests\browser\gameplay.spec.ts:71:1 › [REG-M7-055] [E2E-11] spectator follower cannot control target hand (681ms)
  ok 16 [chromium] › tests\browser\gameplay.spec.ts:76:1 › [REG-M7-056] [E2E-14] CLASSIC five-card hand is not Charlie and can continue (869ms)
  ok 17 [chromium] › tests\browser\gameplay.spec.ts:81:1 › [REG-M7-057] [E2E-15] required-draw fault is interruption/VOID/refund with no normal winner (765ms)
  ok 18 [chromium] › tests\browser\gameplay.spec.ts:87:1 › [REG-M7-058] controlled Double follow ADD has exact funded exposure and matching result (609ms)
  ok 19 [chromium] › tests\browser\gameplay.spec.ts:92:1 › [REG-M7-059] controlled Split follow NO ADD tracks only ordered first child (569ms)
  ok 20 [chromium] › tests\browser\gameplay.spec.ts:97:1 › [REG-M7-060] unfunded follow ADD is disabled without vetoing NO ADD continuation (620ms)
  ok 21 [chromium] › tests\browser\gameplay.spec.ts:101:1 › [REG-M7-061] Insurance is separate and unavailable after peek; unfunded choice remains disabled (778ms)
  ok 22 [chromium] › tests\browser\gameplay.spec.ts:106:1 › [REG-M7-062] next round retains available funds and truthfully continues the same shoe (912ms)
  ok 23 [chromium] › tests\browser\gameplay.spec.ts:114:1 › [REG-M7-063] spectator setup places a real Bet Behind without an own MAIN or side bets (798ms)
  ok 24 [chromium] › tests\browser\gameplay.spec.ts:121:1 › [REG-M7-064] Re-split retains depth-first stable hand identities and completed leaves (859ms)
  ok 25 [chromium] › tests\browser\m10.spec.ts:34:1 › [M10-E01] current casino table anchors retain public players and usable controls at three viewports (3.0s)
  ok 26 [chromium] › tests\browser\m10.spec.ts:58:1 › [M10-E02] five actual cards and four actual split leaves use vertical flow without overlapping seat regions (6.7s)
  ok 27 [chromium] › tests\browser\m10.spec.ts:75:1 › [M10-E03] enlarged text failed portraits and reduced motion keep identity cards and keyboard decisions accessible (3.4s)
  ok 28 [chromium] › tests\browser\m8.spec.ts:11:1 › [REG-M8-079] Classic five-card hand has no Charlie result and can continue (858ms)
  ok 29 [chromium] › tests\browser\m8.spec.ts:15:1 › [REG-M8-080] Charlie profile is selected explicitly before seeded play (838ms)
  ok 30 [chromium] › tests\browser\m8.spec.ts:21:1 › [REG-M8-081] five-card Charlie presents normal 1:1 return and ends actions (805ms)
  ok 31 [chromium] › tests\browser\m8.spec.ts:26:1 › [REG-M8-082] fifth-card 21 says Charlie Win rather than Blackjack (834ms)
  ok 32 [chromium] › tests\browser\m8.spec.ts:30:1 › [REG-M8-083] profile and seed controls cannot change during active hidden-card round (868ms)
  ok 33 [chromium] › tests\browser\m8.spec.ts:34:1 › [REG-M8-084] same seeded browser run reproduces public cards and terminal return (1.8s)
  ok 34 [chromium] › tests\browser\m8.spec.ts:40:1 › [REG-M8-085] replay JSON is available only at finalized seeded boundary and removed on next round (1.2s)
  ok 35 [chromium] › tests\browser\m8.spec.ts:46:1 › [REG-M8-086] completed replay reproduces result, is clearly marked and preserves original (1.2s)
  ok 36 [chromium] › tests\browser\m8.spec.ts:51:1 › [REG-M8-087] public audit displays ordered attribution UTC amounts refunds and pre-round seat occupancy (2.4s)
  ok 37 [chromium] › tests\browser\m8.spec.ts:83:1 › [REG-M8-088] active audit leaks no known hole identity, physical ID, seed or future shoe (533ms)
  ok 38 [chromium] › tests\browser\m8.spec.ts:88:1 › [REG-M8-089] active seeded DOM and accessible output omit seed value and replay package (924ms)
  ok 39 [chromium] › tests\browser\m8.spec.ts:93:1 › [REG-M8-090] M8 tools and replay JSON remain usable at 320px without overflow (1.2s)
  ok 40 [chromium] › tests\browser\m8.spec.ts:100:1 › [REG-M8-091] keyboard opens advanced settings, chooses profile and starts seeded session (529ms)
{"viewport":{"width":1280,"height":900},"dealer":{"x":490,"y":163.421875,"width":300,"height":146.78125},"own":{"x":290,"y":561.78125,"width":700,"height":233.3125},"action":{"x":458,"y":847.09375,"width":116,"height":52}}
{"viewport":{"width":768,"height":1024},"dealer":{"x":234,"y":160.421875,"width":300,"height":146.78125},"own":{"x":45,"y":640.203125,"width":677.984375,"height":233.3125},"action":{"x":202,"y":922.515625,"width":116,"height":52}}
{"viewport":{"width":320,"height":720},"dealer":{"x":15,"y":158.34375,"width":290,"height":146.78125},"own":{"x":23,"y":586.3125,"width":274,"height":275.171875},"action":{"x":116.65625,"y":900.484375,"width":86.671875,"height":44}}
  ok 41 [chromium] › tests\browser\m9.spec.ts:8:1 › [M9-E01] first-person cards stay near player and center dealer without overlap on desktop tablet mobile (3.1s)
  ok 42 [chromium] › tests\browser\m9.spec.ts:39:1 › [M9-E02] original characters and compact mobile public guest cards retain reduced motion and secrecy (691ms)
  ok 43 [chromium] › tests\browser\m9.spec.ts:54:1 › [M9-E03] own wager deals once, auto settles, repeats original amount and opens fresh betting (1.6s)
  ok 44 [chromium] › tests\browser\m9.spec.ts:78:1 › [M9-E04] tools start collapsed and seeded replay audit remain deliberately reachable (1.5s)
  ok 45 [chromium] › tests\browser\m9.spec.ts:104:1 › [M9-E05] deliberate manual demo keeps configuration and explicit progress, then returns to player table (868ms)
  ok 46 [chromium] › tests\browser\m9.spec.ts:114:1 › [M9-E06] keyboard can wager, reach visible focus, stand and start another round without computer friction (1.4s)
  ok 47 [chromium] › tests\browser\m9.spec.ts:129:1 › [M9-E07] unconfigured default opens player table and own betting with closed secondary tools (1.5s)
  ok 48 [chromium] › tests\browser\m9.spec.ts:142:1 › [M9-E08] player Ace decision stays explicit, hidden state stays secret even in expanded audit (1.5s)
  ok 49 [chromium] › tests\browser\m9.spec.ts:157:1 › [M9-E09] first-person split children remain distinct and automatically finish dealer on mobile (1.5s)
  ok 50 [chromium] › tests\browser\m9.spec.ts:170:1 › [M9-E10] natural resolves without manual continue and pays accepted three-to-two return (1.3s)
  ok 51 [chromium] › tests\browser\m9.spec.ts:179:1 › [M9-E11] exhausted human funds disable repeat and can deliberately start a new credited session (1.4s)
  ok 52 [chromium] › tests\browser\pa1.spec.ts:14:1 › [PA1-E01] non-blocking default, collision exchange and persistent guests across active play Repeat Bet and Deal Again (2.1s)
  ok 53 [chromium] › tests\browser\pa1.spec.ts:39:1 › [PA1-E02] changing avatars leaves seeded replay commands gameplay digest funds and audit outcomes identical (2.5s)
  ok 54 [chromium] › tests\browser\pa1.spec.ts:58:1 › [PA1-E03] all twelve identities display the correct decoded portrait name archetype and human controller without changing cards (4.4s)
  ok 55 [chromium] › tests\browser\pa1.spec.ts:89:1 › [PA1-E04] character keyboard focus touch targets reduced motion and unclipped identities preserve cards at desktop tablet and mobile widths (4.2s)
  ok 56 [chromium] › tests\browser\pa1.spec.ts:128:1 › [PA1-E05] failed portraits and 200 percent text enlargement retain readable character identity and playable controls (2.3s)
{"fixture":"basic","viewport":{"width":768,"height":1024},"title":{"x":285.75,"y":484.296875,"width":151.59375,"height":20},"active":{"x":285.75,"y":518.296875,"width":56.640625,"height":20},"intersection":false}
{"fixture":"basic","viewport":{"width":1280,"height":900},"title":{"x":423.234375,"y":514.296875,"width":151.59375,"height":20},"active":{"x":800.109375,"y":517.296875,"width":56.640625,"height":20},"intersection":false}
{"fixture":"basic","viewport":{"width":320,"height":720},"title":{"x":84.203125,"y":828.25,"width":151.59375,"height":20},"active":{"x":131.671875,"y":862.25,"width":56.640625,"height":20},"intersection":false}
{"fixture":"split","viewport":{"width":768,"height":1024},"title":{"x":285.75,"y":484.296875,"width":151.59375,"height":20},"active":{"x":285.75,"y":518.296875,"width":56.640625,"height":20},"intersection":false}
{"fixture":"split","viewport":{"width":1280,"height":900},"title":{"x":423.234375,"y":514.296875,"width":151.59375,"height":20},"active":{"x":800.109375,"y":517.296875,"width":56.640625,"height":20},"intersection":false}
{"fixture":"split","viewport":{"width":320,"height":720},"title":{"x":84.203125,"y":828.25,"width":151.59375,"height":20},"active":{"x":131.671875,"y":862.25,"width":56.640625,"height":20},"intersection":false}
  ok 57 [chromium] › tests\browser\polish.spec.ts:3:1 › active hand title and ACTIVE badge occupy separate visible space on tablet desktop and mobile (1.1s)
  ok 58 [chromium] › tests\browser\polish.spec.ts:27:1 › polished desktop anchors dealer and seven seats above visible game controls, with secondary tools closed (713ms)
  ok 59 [chromium] › tests\browser\polish.spec.ts:46:1 › mobile puts current cards and actions first, keeps dealer in initial viewport and disables all motion on request (609ms)
  ok 60 [chromium] › tests\browser\polish.spec.ts:61:1 › wager chips select an amount without placing it, preserving explicit funded commands (624ms)
  ok 61 [chromium] › tests\browser\polish.spec.ts:71:1 › split children and Charlie retain distinct game-object markers and exact returns (1.3s)
  ok 62 [chromium] › tests\browser\polish.spec.ts:87:1 › moving the local seat preserves centered priority and seven-seat layout with all computers funded (1.4s)
  ok 63 [chromium] › tests\browser\portfolio.spec.ts:3:1 › reproducible portfolio screenshots show only public Classic, Charlie and replay/audit views (2.2s)
  ok 64 [chromium] › tests\browser\ra1.spec.ts:3:1 › RA1 browser RSA offers only legal choices and keyboard Stand declines to complete Soft 12 (1.1s)
  ok 65 [chromium] › tests\browser\ra1.spec.ts:19:1 › RA1 browser depth-first RSA remains readable with accessible 44px controls across viewport sizes (2.9s)
  ok 66 [chromium] › tests\browser\ra1.spec.ts:36:1 › RA1 browser unavailable funding and fourth-leaf cap finish A+A without redundant Stand friction (1.4s)

  66 passed (1.6m)
