2026-10-03 19:20:23 +08:00
main
57443bbefddd47512104ba941c65e3ff1988cf02
57443bbefddd47512104ba941c65e3ff1988cf02
0	0
Snapshot paths=105
warning: in the working copy of 'README.md', LF will be replaced by CRLF the next time Git touches it
warning: in the working copy of 'docs/DESIGN.md', LF will be replaced by CRLF the next time Git touches it
warning: in the working copy of 'docs/DEVELOPMENT_LOG.md', LF will be replaced by CRLF the next time Git touches it
warning: in the working copy of 'docs/LAB_MANUAL.md', LF will be replaced by CRLF the next time Git touches it
warning: in the working copy of 'docs/PLAN.md', LF will be replaced by CRLF the next time Git touches it
warning: in the working copy of 'docs/SPEC.md', LF will be replaced by CRLF the next time Git touches it
warning: in the working copy of 'docs/STATE.md', LF will be replaced by CRLF the next time Git touches it
warning: in the working copy of 'docs/UX_UI.md', LF will be replaced by CRLF the next time Git touches it
warning: in the working copy of 'scripts/check-m8-preservation.mjs', LF will be replaced by CRLF the next time Git touches it
warning: in the working copy of 'src/ui/Table.tsx', LF will be replaced by CRLF the next time Git touches it
warning: in the working copy of 'src/ui/styles.css', LF will be replaced by CRLF the next time Git touches it
warning: in the working copy of 'tests/browser/fixtures.ts', LF will be replaced by CRLF the next time Git touches it
warning: in the working copy of 'tests/pa1/preservation.test.ts', LF will be replaced by CRLF the next time Git touches it
warning: in the working copy of 'tests/unit/m8Contract.test.ts', LF will be replaced by CRLF the next time Git touches it
Tracked modifications=14
warning: in the working copy of 'README.md', LF will be replaced by CRLF the next time Git touches it
warning: in the working copy of 'docs/DESIGN.md', LF will be replaced by CRLF the next time Git touches it
warning: in the working copy of 'docs/DEVELOPMENT_LOG.md', LF will be replaced by CRLF the next time Git touches it
warning: in the working copy of 'docs/LAB_MANUAL.md', LF will be replaced by CRLF the next time Git touches it
warning: in the working copy of 'docs/PLAN.md', LF will be replaced by CRLF the next time Git touches it
warning: in the working copy of 'docs/SPEC.md', LF will be replaced by CRLF the next time Git touches it
warning: in the working copy of 'docs/STATE.md', LF will be replaced by CRLF the next time Git touches it
warning: in the working copy of 'docs/UX_UI.md', LF will be replaced by CRLF the next time Git touches it
warning: in the working copy of 'scripts/check-m8-preservation.mjs', LF will be replaced by CRLF the next time Git touches it
warning: in the working copy of 'src/ui/Table.tsx', LF will be replaced by CRLF the next time Git touches it
warning: in the working copy of 'src/ui/styles.css', LF will be replaced by CRLF the next time Git touches it
warning: in the working copy of 'tests/browser/fixtures.ts', LF will be replaced by CRLF the next time Git touches it
warning: in the working copy of 'tests/pa1/preservation.test.ts', LF will be replaced by CRLF the next time Git touches it
warning: in the working copy of 'tests/unit/m8Contract.test.ts', LF will be replaced by CRLF the next time Git touches it
Incoming untracked=91
v24.19.0
11.17.0
Version 1.63.0
{
  "Caption": "Microsoft Windows 11 Pro",
  "Version": "10.0.26200",
  "BuildNumber": "26200",
  "OSArchitecture": "64 位元"
}
