2026-10-03 19:42:20 +08:00
From https://github.com/FrankieChan0312/casino-blackjack
 * branch            main       -> FETCH_HEAD
main
57443bbefddd47512104ba941c65e3ff1988cf02
57443bbefddd47512104ba941c65e3ff1988cf02
0	0
warning: in the working copy of 'README.md', LF will be replaced by CRLF the next time Git touches it
warning: in the working copy of 'docs/DESIGN.md', LF will be replaced by CRLF the next time Git touches it
warning: in the working copy of 'docs/DEVELOPMENT_LOG.md', LF will be replaced by CRLF the next time Git touches it
warning: in the working copy of 'docs/LAB_MANUAL.md', LF will be replaced by CRLF the next time Git touches it
warning: in the working copy of 'docs/PLAN.md', LF will be replaced by CRLF the next time Git touches it
warning: in the working copy of 'docs/SPEC.md', LF will be replaced by CRLF the next time Git touches it
warning: in the working copy of 'docs/STATE.md', LF will be replaced by CRLF the next time Git touches it
warning: in the working copy of 'docs/UX_UI.md', LF will be replaced by CRLF the next time Git touches it
warning: in the working copy of 'scripts/check-m8-preservation.mjs', LF will be replaced by CRLF the next time Git touches it
warning: in the working copy of 'src/ui/Table.tsx', LF will be replaced by CRLF the next time Git touches it
warning: in the working copy of 'src/ui/styles.css', LF will be replaced by CRLF the next time Git touches it
warning: in the working copy of 'tests/browser/fixtures.ts', LF will be replaced by CRLF the next time Git touches it
warning: in the working copy of 'tests/pa1/preservation.test.ts', LF will be replaced by CRLF the next time Git touches it
warning: in the working copy of 'tests/unit/m8Contract.test.ts', LF will be replaced by CRLF the next time Git touches it
warning: in the working copy of 'README.md', LF will be replaced by CRLF the next time Git touches it
warning: in the working copy of 'docs/DESIGN.md', LF will be replaced by CRLF the next time Git touches it
warning: in the working copy of 'docs/DEVELOPMENT_LOG.md', LF will be replaced by CRLF the next time Git touches it
warning: in the working copy of 'docs/LAB_MANUAL.md', LF will be replaced by CRLF the next time Git touches it
warning: in the working copy of 'docs/PLAN.md', LF will be replaced by CRLF the next time Git touches it
warning: in the working copy of 'docs/SPEC.md', LF will be replaced by CRLF the next time Git touches it
warning: in the working copy of 'docs/STATE.md', LF will be replaced by CRLF the next time Git touches it
warning: in the working copy of 'docs/UX_UI.md', LF will be replaced by CRLF the next time Git touches it
warning: in the working copy of 'scripts/check-m8-preservation.mjs', LF will be replaced by CRLF the next time Git touches it
warning: in the working copy of 'src/ui/Table.tsx', LF will be replaced by CRLF the next time Git touches it
warning: in the working copy of 'src/ui/styles.css', LF will be replaced by CRLF the next time Git touches it
warning: in the working copy of 'tests/browser/fixtures.ts', LF will be replaced by CRLF the next time Git touches it
warning: in the working copy of 'tests/pa1/preservation.test.ts', LF will be replaced by CRLF the next time Git touches it
warning: in the working copy of 'tests/unit/m8Contract.test.ts', LF will be replaced by CRLF the next time Git touches it
Tracked modifications=14
Untracked=365
Staged=0
2026-10-03 19:42:21 +08:00
{
  "timestamp": "2026-10-03 19:45:41 +08:00",
  "branch": "main",
  "HEAD": "57443bbefddd47512104ba941c65e3ff1988cf02",
  "originMain": "57443bbefddd47512104ba941c65e3ff1988cf02",
  "aheadBehind": "0\t0",
  "trackedModified": 14,
  "untracked": 378,
  "staged": 0,
  "diagnosticStatus": "M10-T01_DIAGNOSIS_COMPLETE",
  "taskStatus": "M10-T01_BLOCKED",
  "rootClassification": 8,
  "root": "ROOT CAUSE NOT ESTABLISHED",
  "repairCount": "6/10",
  "protectedTree": "EMPTY",
  "commit": "NOT RUN",
  "push": "NOT RUN"
}
