
> casino-blackjack@0.0.0 test:e2e
> playwright test tests/browser/pa1.spec.ts --grep PA1-E03

[WebServer] (node:13828) Warning: The 'NO_COLOR' env is ignored due to the 'FORCE_COLOR' env being set.
[WebServer] (Use `node --trace-warnings ...` to show where the warning was created)

Running 1 test using 1 worker

(node:13880) Warning: The 'NO_COLOR' env is ignored due to the 'FORCE_COLOR' env being set.
(Use `node --trace-warnings ...` to show where the warning was created)
M10_IO_DIAGNOSTIC {"started":"2026-10-03T10:56:50.162Z","finished":"2026-10-03T10:56:50.163Z","pid":13880,"path":"C:\\Users\\user\\Documents\\GitHub\\casino-blackjack\\docs\\images\\pa1-avatar-elf_male.png","operation":"fs.promises.writeFile","flags":"w","bufferBytes":79596,"status":"PASS"}
M10_IO_DIAGNOSTIC {"started":"2026-10-03T10:56:50.383Z","finished":"2026-10-03T10:56:50.384Z","pid":13880,"path":"C:\\Users\\user\\Documents\\GitHub\\casino-blackjack\\docs\\images\\pa1-avatar-elf_female.png","operation":"fs.promises.writeFile","flags":"w","bufferBytes":79631,"status":"PASS"}
M10_IO_DIAGNOSTIC {"started":"2026-10-03T10:56:50.583Z","finished":"2026-10-03T10:56:50.584Z","pid":13880,"path":"C:\\Users\\user\\Documents\\GitHub\\casino-blackjack\\docs\\images\\pa1-avatar-knight_male.png","operation":"fs.promises.writeFile","flags":"w","bufferBytes":80446,"status":"PASS"}
M10_IO_DIAGNOSTIC {"started":"2026-10-03T10:56:50.781Z","finished":"2026-10-03T10:56:50.782Z","pid":13880,"path":"C:\\Users\\user\\Documents\\GitHub\\casino-blackjack\\docs\\images\\pa1-avatar-knight_female.png","operation":"fs.promises.writeFile","flags":"w","bufferBytes":80584,"status":"PASS"}
M10_IO_DIAGNOSTIC {"started":"2026-10-03T10:56:50.965Z","finished":"2026-10-03T10:56:50.966Z","pid":13880,"path":"C:\\Users\\user\\Documents\\GitHub\\casino-blackjack\\docs\\images\\pa1-avatar-mage_male.png","operation":"fs.promises.writeFile","flags":"w","bufferBytes":80119,"status":"PASS"}
M10_IO_DIAGNOSTIC {"started":"2026-10-03T10:56:51.170Z","finished":"2026-10-03T10:56:51.171Z","pid":13880,"path":"C:\\Users\\user\\Documents\\GitHub\\casino-blackjack\\docs\\images\\pa1-avatar-mage_female.png","operation":"fs.promises.writeFile","flags":"w","bufferBytes":80995,"status":"PASS"}
M10_IO_DIAGNOSTIC {"started":"2026-10-03T10:56:51.368Z","finished":"2026-10-03T10:56:51.369Z","pid":13880,"path":"C:\\Users\\user\\Documents\\GitHub\\casino-blackjack\\docs\\images\\pa1-avatar-noble_male.png","operation":"fs.promises.writeFile","flags":"w","bufferBytes":80048,"status":"PASS"}
M10_IO_DIAGNOSTIC {"started":"2026-10-03T10:56:51.582Z","finished":"2026-10-03T10:56:51.699Z","pid":13880,"path":"C:\\Users\\user\\Documents\\GitHub\\casino-blackjack\\docs\\images\\pa1-avatar-noble_female.png","operation":"fs.promises.writeFile","flags":"w","bufferBytes":79363,"status":"FAIL","error":{"stack":"Error: UNKNOWN: unknown error, open 'C:\\Users\\user\\Documents\\GitHub\\casino-blackjack\\docs\\images\\pa1-avatar-noble_female.png'\n    at open (node:internal/fs/promises:697:25)\n    at Object.writeFile (node:internal/fs/promises:1317:14)\n    at Object.fs.promises.writeFile (C:\\Users\\user\\AppData\\Local\\Temp\\casino-blackjack-M10-T01-recovery-20261003-1855\\observe-io.cjs:9:20)\n    at _ElementHandle.screenshot (C:\\Users\\user\\Documents\\GitHub\\casino-blackjack\\node_modules\\playwright-core\\lib\\coreBundle.js:60937:11)\n    at _frame._wrapApiCall.title (C:\\Users\\user\\Documents\\GitHub\\casino-blackjack\\node_modules\\playwright-core\\lib\\coreBundle.js:58363:20)\n    at C:\\Users\\user\\Documents\\GitHub\\casino-blackjack\\node_modules\\playwright-core\\lib\\coreBundle.js:57430:88\n    at _Frame._wrapApiCall (C:\\Users\\user\\Documents\\GitHub\\casino-blackjack\\node_modules\\playwright-core\\lib\\coreBundle.js:57430:27)\n    at _Locator._withElement (C:\\Users\\user\\Documents\\GitHub\\casino-blackjack\\node_modules\\playwright-core\\lib\\coreBundle.js:58357:16)\n    at _Locator.screenshot (C:\\Users\\user\\Documents\\GitHub\\casino-blackjack\\node_modules\\playwright-core\\lib\\coreBundle.js:58547:16)\n    at file:///C:/Users/user/Documents/GitHub/casino-blackjack/tests/browser/pa1.spec.ts:78:5\n    at C:\\Users\\user\\Documents\\GitHub\\casino-blackjack\\node_modules\\playwright\\lib\\worker\\workerProcessEntry.js:1655:9\n    at C:\\Users\\user\\Documents\\GitHub\\casino-blackjack\\node_modules\\playwright\\lib\\worker\\workerProcessEntry.js:1135:11\n    at TimeoutManager.withRunnable (C:\\Users\\user\\Documents\\GitHub\\casino-blackjack\\node_modules\\playwright\\lib\\worker\\workerProcessEntry.js:403:14)\n    at TestInfoImpl._runWithTimeout (C:\\Users\\user\\Documents\\GitHub\\casino-blackjack\\node_modules\\playwright\\lib\\worker\\workerProcessEntry.js:1133:7)\n    at C:\\Users\\user\\Documents\\GitHub\\casino-blackjack\\node_modules\\playwright\\lib\\worker\\workerProcessEntry.js:1653:7\n    at WorkerMain._runTest (C:\\Users\\user\\Documents\\GitHub\\casino-blackjack\\node_modules\\playwright\\lib\\worker\\workerProcessEntry.js:1626:5)\n    at WorkerMain.runTestGroup (C:\\Users\\user\\Documents\\GitHub\\casino-blackjack\\node_modules\\playwright\\lib\\worker\\workerProcessEntry.js:1521:9)\n    at process.<anonymous> (C:\\Users\\user\\Documents\\GitHub\\casino-blackjack\\node_modules\\playwright\\lib\\common\\index.js:1941:25)","message":"UNKNOWN: unknown error, open 'C:\\Users\\user\\Documents\\GitHub\\casino-blackjack\\docs\\images\\pa1-avatar-noble_female.png'","errno":-4094,"code":"UNKNOWN","syscall":"open","path":"C:\\Users\\user\\Documents\\GitHub\\casino-blackjack\\docs\\images\\pa1-avatar-noble_female.png"},"nativeProbe":"OPEN_EXISTING win32=0\r\nCREATE_ALWAYS win32=0; diagnostic probe preserved original bytes=79361\r\n"}
  x  1 [chromium] › tests\browser\pa1.spec.ts:57:1 › [PA1-E03] all twelve identities display the correct decoded portrait name archetype and human controller without changing cards (2.9s)


  1) [chromium] › tests\browser\pa1.spec.ts:57:1 › [PA1-E03] all twelve identities display the correct decoded portrait name archetype and human controller without changing cards 

    Error: locator.screenshot: UNKNOWN: unknown error, open 'C:\Users\user\Documents\GitHub\casino-blackjack\docs\images\pa1-avatar-noble_female.png'

      76 |     expect(await hand.locator('.cards').innerHTML()).toBe(cards);
      77 |     const ids = await lineup(page); expect(new Set(ids).size).toBe(4);
    > 78 |     await hand.screenshot({path:`docs/images/pa1-avatar-${id}.png`,animations:'disabled'});
         |                ^
      79 |   }
      80 |   await expect(page.getByRole('img',{name:'Original illustrated female dealer in professional attire',exact:true})).toBeVisible();
      81 |   for (const seat of [1,3,6]) {
        at C:\Users\user\Documents\GitHub\casino-blackjack\tests\browser\pa1.spec.ts:78:16

    attachment #1: screenshot (image/png) ──────────────────────────────────────────────────────────
    test-results\pa1--PA1-E03-all-twelve-id-cd136-ller-without-changing-cards-chromium\test-failed-1.png
    ────────────────────────────────────────────────────────────────────────────────────────────────

    Error Context: test-results\pa1--PA1-E03-all-twelve-id-cd136-ller-without-changing-cards-chromium\error-context.md

    attachment #3: trace (application/zip) ─────────────────────────────────────────────────────────
    test-results\pa1--PA1-E03-all-twelve-id-cd136-ller-without-changing-cards-chromium\trace.zip
    Usage:

        npx playwright show-trace test-results\pa1--PA1-E03-all-twelve-id-cd136-ller-without-changing-cards-chromium\trace.zip

    ────────────────────────────────────────────────────────────────────────────────────────────────

  1 failed
    [chromium] › tests\browser\pa1.spec.ts:57:1 › [PA1-E03] all twelve identities display the correct decoded portrait name archetype and human controller without changing cards 
