ACL principal SIDs/local computer name redacted; complete original retained in local task snapshot.
2026-10-03 18:50:37 +08:00
v24.19.0
Version 1.63.0
Microsoft Windows NT 10.0.26200.0

Name         Used         Free Root
----         ----         ---- ----
C    256628649984 254321459200 C:\
                               
                               
                               
                               
Configured Documents folder: C:\Users\user\Documents
OneDrive: C:\Users\user\OneDrive
OneDriveConsumer: UNSET
OneDriveCommercial: UNSET
                               
Parent ACL:


Owner          : [local computer]\user
AccessToString : [local principal SID redacted] Allow  Modify, Synchronize
                 [local computer]\CodexSandboxUsers Allow  Modify, Synchronize
                 [local principal SID redacted] Allow  Modify, Synchronize
                 NT AUTHORITY\SYSTEM Allow  FullControl
                 BUILTIN\Administrators Allow  FullControl
                 [local computer]\user Allow  FullControl


path             : C:\Users\user\Documents\GitHub\casino-blackjack\docs\images\pa1-avatar-noble_male.png
length           : 85
parentExists     : True
invalidChars     : False
reserved         : False
trailingDotSpace : False
sameNames        : 1
isDirectory      : False
attributes       : Archive
readOnly         : False
bytes            : 78883


Owner          : [local computer]\user
AccessToString : [local principal SID redacted] Allow  Modify, Synchronize
                 [local computer]\CodexSandboxUsers Allow  Modify, Synchronize
                 [local principal SID redacted] Allow  Modify, Synchronize
                 NT AUTHORITY\SYSTEM Allow  FullControl
                 BUILTIN\Administrators Allow  FullControl
                 [local computer]\user Allow  FullControl

Exclusive non-truncating open: PASS (no byte write)

path             : C:\Users\user\Documents\GitHub\casino-blackjack\docs\images\pa1-responsive-320.png
length           : 82
parentExists     : True
invalidChars     : False
reserved         : False
trailingDotSpace : False
sameNames        : 1
isDirectory      : False
attributes       : Archive
readOnly         : False
bytes            : 263189


Owner          : [local computer]\user
AccessToString : [local principal SID redacted] Allow  Modify, Synchronize
                 [local computer]\CodexSandboxUsers Allow  Modify, Synchronize
                 [local principal SID redacted] Allow  Modify, Synchronize
                 NT AUTHORITY\SYSTEM Allow  FullControl
                 BUILTIN\Administrators Allow  FullControl
                 [local computer]\user Allow  FullControl

Exclusive non-truncating open: PASS (no byte write)

path             : C:\Users\user\Documents\GitHub\casino-blackjack\docs\images\pa1-avatar-halforc_male.png
length           : 87
parentExists     : True
invalidChars     : False
reserved         : False
trailingDotSpace : False
sameNames        : 1
isDirectory      : False
attributes       : Archive
readOnly         : False
bytes            : 79843


Owner          : [local computer]\user
AccessToString : [local principal SID redacted] Allow  Modify, Synchronize
                 [local computer]\CodexSandboxUsers Allow  Modify, Synchronize
                 [local principal SID redacted] Allow  Modify, Synchronize
                 NT AUTHORITY\SYSTEM Allow  FullControl
                 BUILTIN\Administrators Allow  FullControl
                 [local computer]\user Allow  FullControl

Exclusive non-truncating open: PASS (no byte write)

path             : C:\Users\user\Documents\GitHub\casino-blackjack\docs\images\pa1-text-fallback-320.png
length           : 85
parentExists     : True
invalidChars     : False
reserved         : False
trailingDotSpace : False
sameNames        : 1
isDirectory      : False
attributes       : Archive
readOnly         : False
bytes            : 454245


Owner          : [local computer]\user
AccessToString : [local principal SID redacted] Allow  Modify, Synchronize
                 [local computer]\CodexSandboxUsers Allow  Modify, Synchronize
                 [local principal SID redacted] Allow  Modify, Synchronize
                 NT AUTHORITY\SYSTEM Allow  FullControl
                 BUILTIN\Administrators Allow  FullControl
                 [local computer]\user Allow  FullControl

Exclusive non-truncating open: PASS (no byte write)
2026-10-03 18:50:39 +08:00
