{
  "directory": "art/source/characters/PA1_character_sources",
  "files": [
    {
      "name": "elf_male.png",
      "path": "art/source/characters/PA1_character_sources/elf_male.png",
      "bytes": 2595545,
      "sha256": "fc22fa69b51a99c386048c637f0c419f9da81cd84448ced636bb04f80715b889",
      "decodedRgbaSha256": "b0f48982ab6fd07ee1fb062a931b0f28865e64849687d109d1aa4a3054d4ea63",
      "format": "PNG",
      "readable": true,
      "chunkCrcs": "PASS",
      "width": 1086,
      "height": 1448,
      "aspectRatio": 0.75,
      "bitDepth": 8,
      "colorType": 6,
      "alphaChannel": true,
      "transparentPixels": 406332,
      "transparentPercent": 25.83941271633955,
      "opaquePixels": 15,
      "lowAlphaPixels": 22562,
      "highAlphaPixels": 1120125,
      "alphaHistogram": [
        406332,
        9929,
        4024,
        2311,
        1653,
        1174,
        796,
        547,
        450,
        353,
        316,
        232,
        208,
        217,
        174,
        178,
        153,
        148,
        144,
        130,
        119,
        113,
        130,
        120,
        102,
        98,
        102,
        89,
        107,
        101,
        99,
        90,
        83,
        72,
        105,
        84,
        98,
        89,
        87,
        61,
        84,
        79,
        79,
        99,
        76,
        78,
        75,
        66,
        64,
        68,
        72,
        79,
        61,
        64,
        66,
        57,
        67,
        76,
        64,
        58,
        51,
        50,
        50,
        64,
        63,
        55,
        64,
        54,
        57,
        62,
        55,
        59,
        52,
        56,
        65,
        50,
        69,
        45,
        68,
        56,
        62,
        64,
        50,
        55,
        45,
        61,
        50,
        48,
        57,
        57,
        46,
        44,
        69,
        66,
        60,
        55,
        56,
        46,
        63,
        53,
        52,
        59,
        51,
        48,
        56,
        55,
        54,
        65,
        59,
        58,
        51,
        56,
        60,
        48,
        61,
        44,
        44,
        53,
        55,
        43,
        44,
        53,
        61,
        48,
        59,
        52,
        57,
        73,
        63,
        57,
        78,
        60,
        63,
        60,
        66,
        52,
        55,
        55,
        70,
        59,
        63,
        60,
        62,
        61,
        63,
        57,
        58,
        59,
        55,
        44,
        57,
        67,
        61,
        68,
        61,
        60,
        58,
        60,
        54,
        58,
        62,
        67,
        67,
        64,
        67,
        68,
        75,
        70,
        69,
        80,
        81,
        55,
        70,
        86,
        74,
        84,
        73,
        73,
        82,
        74,
        82,
        64,
        72,
        81,
        80,
        69,
        89,
        74,
        106,
        74,
        87,
        93,
        85,
        90,
        86,
        103,
        98,
        95,
        112,
        95,
        105,
        105,
        115,
        109,
        96,
        117,
        137,
        135,
        119,
        146,
        145,
        135,
        147,
        164,
        182,
        197,
        160,
        219,
        215,
        235,
        224,
        243,
        255,
        234,
        240,
        274,
        305,
        268,
        349,
        344,
        346,
        362,
        404,
        375,
        438,
        433,
        519,
        586,
        703,
        797,
        867,
        1019,
        1226,
        1626,
        2155,
        2643,
        3451,
        3583,
        3830,
        5984,
        12246,
        95975,
        842476,
        143011,
        18,
        15
      ],
      "metadata": [
        {
          "type": "caBX",
          "bytes": 21881,
          "isText": false,
          "c2pa": true
        }
      ],
      "textMetadataPresent": false,
      "mechanical": "PASS"
    },
    {
      "name": "elf_female.png",
      "path": "art/source/characters/PA1_character_sources/elf_female.png",
      "bytes": 2789504,
      "sha256": "f1e85fb45af93b13d148ed1d5966b745baa06b253b9424830906e9a50a94fb97",
      "decodedRgbaSha256": "f84b0e8ea3b9df36e779f9119605f6fa051b6be86c85555d318f0aedc63899c2",
      "format": "PNG",
      "readable": true,
      "chunkCrcs": "PASS",
      "width": 1086,
      "height": 1448,
      "aspectRatio": 0.75,
      "bitDepth": 8,
      "colorType": 6,
      "alphaChannel": true,
      "transparentPixels": 392661,
      "transparentPercent": 24.970048228076067,
      "opaquePixels": 11,
      "lowAlphaPixels": 29165,
      "highAlphaPixels": 1115408,
      "alphaHistogram": [
        392661,
        10251,
        4730,
        3072,
        2220,
        1825,
        1544,
        1135,
        885,
        654,
        620,
        558,
        494,
        440,
        397,
        340,
        322,
        289,
        235,
        262,
        212,
        249,
        237,
        194,
        217,
        198,
        205,
        172,
        177,
        169,
        167,
        180,
        159,
        181,
        165,
        137,
        137,
        133,
        147,
        133,
        125,
        142,
        139,
        124,
        128,
        144,
        115,
        120,
        129,
        117,
        106,
        109,
        118,
        138,
        107,
        124,
        108,
        86,
        115,
        136,
        99,
        110,
        99,
        105,
        102,
        110,
        83,
        92,
        102,
        100,
        81,
        88,
        85,
        71,
        109,
        73,
        86,
        77,
        91,
        91,
        92,
        101,
        110,
        80,
        74,
        95,
        98,
        83,
        107,
        97,
        91,
        95,
        92,
        98,
        112,
        97,
        98,
        92,
        85,
        91,
        85,
        77,
        85,
        87,
        85,
        70,
        62,
        91,
        92,
        81,
        73,
        93,
        67,
        71,
        80,
        93,
        74,
        97,
        88,
        82,
        86,
        93,
        80,
        88,
        77,
        93,
        65,
        82,
        95,
        93,
        92,
        88,
        99,
        77,
        86,
        80,
        100,
        107,
        79,
        93,
        90,
        87,
        85,
        90,
        82,
        79,
        97,
        81,
        79,
        85,
        99,
        90,
        85,
        105,
        105,
        82,
        86,
        90,
        98,
        92,
        115,
        108,
        109,
        94,
        97,
        106,
        89,
        101,
        108,
        95,
        113,
        66,
        106,
        88,
        107,
        112,
        96,
        112,
        106,
        116,
        111,
        110,
        99,
        103,
        112,
        115,
        111,
        103,
        110,
        114,
        122,
        106,
        114,
        113,
        126,
        144,
        165,
        154,
        146,
        144,
        151,
        138,
        162,
        129,
        144,
        154,
        176,
        180,
        163,
        174,
        170,
        172,
        170,
        210,
        206,
        219,
        237,
        241,
        197,
        232,
        212,
        267,
        313,
        259,
        321,
        324,
        364,
        353,
        419,
        476,
        436,
        515,
        546,
        630,
        750,
        797,
        907,
        986,
        1090,
        1216,
        1394,
        1611,
        1908,
        2138,
        2667,
        3639,
        5190,
        7326,
        10503,
        18860,
        44706,
        224953,
        704381,
        86103,
        18,
        11
      ],
      "metadata": [
        {
          "type": "caBX",
          "bytes": 21881,
          "isText": false,
          "c2pa": true
        }
      ],
      "textMetadataPresent": false,
      "mechanical": "PASS"
    },
    {
      "name": "knight_male.png",
      "path": "art/source/characters/PA1_character_sources/knight_male.png",
      "bytes": 2652800,
      "sha256": "7b78fc7b735fa80cc3e5f44d7a04dcd1daf85e4aa79feae27a033658a1d076c4",
      "decodedRgbaSha256": "64f2d5d9350f6b02a81a87cf5bc438a7194db0b07349d59d62a1b533d54dde41",
      "format": "PNG",
      "readable": true,
      "chunkCrcs": "PASS",
      "width": 1086,
      "height": 1448,
      "aspectRatio": 0.75,
      "bitDepth": 8,
      "colorType": 6,
      "alphaChannel": true,
      "transparentPixels": 355297,
      "transparentPercent": 22.59400150585554,
      "opaquePixels": 54,
      "lowAlphaPixels": 12941,
      "highAlphaPixels": 1193680,
      "alphaHistogram": [
        355297,
        5270,
        2482,
        1707,
        1066,
        626,
        417,
        259,
        222,
        193,
        129,
        129,
        129,
        93,
        126,
        93,
        87,
        72,
        71,
        75,
        67,
        67,
        64,
        62,
        54,
        59,
        70,
        56,
        62,
        46,
        58,
        58,
        52,
        49,
        61,
        58,
        56,
        47,
        34,
        43,
        51,
        35,
        43,
        28,
        43,
        30,
        41,
        35,
        39,
        40,
        37,
        40,
        32,
        37,
        32,
        49,
        50,
        36,
        37,
        46,
        38,
        33,
        51,
        29,
        37,
        29,
        31,
        28,
        33,
        49,
        31,
        30,
        24,
        27,
        30,
        32,
        34,
        24,
        38,
        34,
        25,
        28,
        27,
        25,
        21,
        31,
        46,
        38,
        27,
        27,
        36,
        19,
        27,
        31,
        41,
        24,
        22,
        26,
        26,
        37,
        48,
        25,
        24,
        25,
        24,
        30,
        40,
        32,
        30,
        29,
        32,
        32,
        35,
        27,
        22,
        20,
        39,
        32,
        27,
        22,
        26,
        35,
        24,
        29,
        36,
        42,
        34,
        32,
        28,
        20,
        26,
        27,
        23,
        31,
        36,
        32,
        27,
        27,
        29,
        35,
        34,
        30,
        31,
        22,
        22,
        23,
        43,
        27,
        31,
        27,
        31,
        22,
        45,
        35,
        33,
        33,
        35,
        34,
        32,
        27,
        33,
        28,
        35,
        41,
        30,
        36,
        35,
        41,
        29,
        40,
        34,
        23,
        27,
        27,
        46,
        31,
        30,
        41,
        43,
        36,
        39,
        39,
        42,
        28,
        36,
        41,
        47,
        45,
        43,
        47,
        36,
        35,
        34,
        39,
        43,
        52,
        41,
        48,
        54,
        60,
        49,
        59,
        50,
        50,
        44,
        55,
        56,
        63,
        53,
        55,
        58,
        60,
        64,
        57,
        49,
        75,
        59,
        69,
        65,
        83,
        82,
        75,
        90,
        93,
        90,
        97,
        104,
        109,
        107,
        107,
        121,
        126,
        122,
        159,
        155,
        172,
        175,
        214,
        207,
        231,
        302,
        340,
        391,
        542,
        593,
        786,
        1044,
        1368,
        1972,
        3332,
        9887,
        152212,
        921659,
        99154,
        44,
        54
      ],
      "metadata": [
        {
          "type": "caBX",
          "bytes": 21881,
          "isText": false,
          "c2pa": true
        }
      ],
      "textMetadataPresent": false,
      "mechanical": "PASS"
    },
    {
      "name": "knight_female.png",
      "path": "art/source/characters/PA1_character_sources/knight_female.png",
      "bytes": 2816831,
      "sha256": "a1cde162e0826fe68621346235fc7be61c087a908bb164ea94de6030b83cd151",
      "decodedRgbaSha256": "7fddfe5524c7f48bc36c48e0e3c46b47a4797d08c27da14bb9be882bea7e2d48",
      "format": "PNG",
      "readable": true,
      "chunkCrcs": "PASS",
      "width": 1086,
      "height": 1448,
      "aspectRatio": 0.75,
      "bitDepth": 8,
      "colorType": 6,
      "alphaChannel": true,
      "transparentPixels": 346553,
      "transparentPercent": 22.037954173153036,
      "opaquePixels": 38,
      "lowAlphaPixels": 23181,
      "highAlphaPixels": 1177805,
      "alphaHistogram": [
        346553,
        8796,
        3837,
        2711,
        1918,
        1405,
        1013,
        773,
        580,
        491,
        378,
        326,
        285,
        254,
        204,
        210,
        196,
        188,
        159,
        150,
        153,
        149,
        115,
        137,
        106,
        127,
        96,
        130,
        123,
        103,
        93,
        112,
        88,
        104,
        89,
        91,
        82,
        104,
        97,
        94,
        65,
        100,
        81,
        65,
        101,
        92,
        74,
        74,
        78,
        69,
        58,
        69,
        74,
        82,
        71,
        69,
        72,
        88,
        51,
        68,
        78,
        66,
        66,
        62,
        70,
        57,
        78,
        57,
        70,
        71,
        71,
        52,
        66,
        70,
        68,
        67,
        70,
        59,
        55,
        61,
        59,
        60,
        74,
        73,
        65,
        57,
        63,
        60,
        63,
        58,
        58,
        67,
        57,
        68,
        70,
        72,
        63,
        64,
        74,
        71,
        58,
        67,
        67,
        59,
        71,
        59,
        51,
        70,
        68,
        72,
        69,
        72,
        61,
        70,
        69,
        61,
        63,
        72,
        55,
        58,
        43,
        60,
        65,
        57,
        60,
        75,
        82,
        63,
        65,
        46,
        65,
        67,
        72,
        66,
        60,
        61,
        55,
        59,
        62,
        66,
        73,
        62,
        70,
        71,
        74,
        65,
        81,
        84,
        87,
        60,
        68,
        71,
        73,
        67,
        70,
        69,
        79,
        69,
        84,
        68,
        73,
        80,
        69,
        78,
        74,
        71,
        75,
        92,
        82,
        89,
        81,
        72,
        79,
        82,
        80,
        79,
        83,
        96,
        92,
        82,
        100,
        79,
        94,
        93,
        86,
        92,
        101,
        97,
        96,
        85,
        90,
        88,
        94,
        100,
        99,
        102,
        99,
        102,
        116,
        116,
        117,
        117,
        123,
        112,
        118,
        135,
        114,
        125,
        110,
        135,
        129,
        119,
        128,
        146,
        156,
        176,
        166,
        170,
        153,
        146,
        179,
        179,
        192,
        183,
        198,
        210,
        215,
        238,
        263,
        261,
        299,
        321,
        379,
        453,
        475,
        518,
        632,
        707,
        865,
        1006,
        1206,
        1389,
        1642,
        2023,
        2523,
        3089,
        3741,
        4462,
        5544,
        7721,
        14855,
        117265,
        904626,
        107646,
        35,
        38
      ],
      "metadata": [
        {
          "type": "caBX",
          "bytes": 23654,
          "isText": false,
          "c2pa": true
        }
      ],
      "textMetadataPresent": false,
      "mechanical": "PASS"
    },
    {
      "name": "mage_male.png",
      "path": "art/source/characters/PA1_character_sources/mage_male.png",
      "bytes": 2825923,
      "sha256": "05c1308f34f888be6896a4f355a473b2cf59c08cb767ef8e25947465c794b109",
      "decodedRgbaSha256": "494eb459334d63435fd96d87575ebfa72dd670f8d623bf0eda528e1f9baf57d7",
      "format": "PNG",
      "readable": true,
      "chunkCrcs": "PASS",
      "width": 1086,
      "height": 1448,
      "aspectRatio": 0.75,
      "bitDepth": 8,
      "colorType": 6,
      "alphaChannel": true,
      "transparentPixels": 313397,
      "transparentPercent": 19.929502050201968,
      "opaquePixels": 143,
      "lowAlphaPixels": 38781,
      "highAlphaPixels": 1175984,
      "alphaHistogram": [
        313397,
        14733,
        6743,
        4304,
        2934,
        2041,
        1642,
        1269,
        1016,
        799,
        720,
        622,
        551,
        494,
        475,
        438,
        374,
        424,
        405,
        359,
        347,
        374,
        385,
        361,
        348,
        322,
        312,
        315,
        290,
        273,
        275,
        240,
        254,
        235,
        245,
        211,
        240,
        213,
        228,
        198,
        192,
        197,
        191,
        183,
        170,
        178,
        167,
        182,
        180,
        170,
        176,
        175,
        172,
        167,
        145,
        156,
        159,
        172,
        167,
        152,
        161,
        150,
        156,
        141,
        133,
        131,
        150,
        150,
        153,
        142,
        144,
        152,
        124,
        126,
        137,
        135,
        126,
        122,
        132,
        139,
        127,
        139,
        143,
        128,
        121,
        134,
        154,
        131,
        135,
        140,
        141,
        146,
        141,
        137,
        124,
        140,
        131,
        138,
        136,
        133,
        144,
        143,
        119,
        126,
        149,
        136,
        135,
        135,
        141,
        132,
        125,
        137,
        134,
        147,
        124,
        116,
        151,
        108,
        140,
        138,
        102,
        150,
        128,
        140,
        147,
        121,
        126,
        136,
        120,
        122,
        118,
        110,
        103,
        135,
        129,
        122,
        104,
        126,
        126,
        118,
        125,
        138,
        121,
        130,
        133,
        126,
        142,
        129,
        121,
        117,
        139,
        134,
        132,
        126,
        128,
        133,
        126,
        111,
        117,
        124,
        129,
        147,
        119,
        121,
        132,
        138,
        135,
        130,
        128,
        142,
        122,
        145,
        134,
        130,
        124,
        135,
        156,
        136,
        137,
        121,
        146,
        124,
        171,
        138,
        159,
        127,
        159,
        135,
        140,
        171,
        130,
        158,
        155,
        191,
        176,
        154,
        173,
        180,
        166,
        158,
        183,
        186,
        155,
        159,
        172,
        191,
        171,
        179,
        199,
        218,
        229,
        208,
        240,
        237,
        216,
        223,
        259,
        255,
        256,
        271,
        286,
        280,
        297,
        296,
        295,
        326,
        349,
        377,
        401,
        393,
        445,
        474,
        532,
        528,
        618,
        684,
        808,
        908,
        1003,
        1170,
        1317,
        1494,
        1618,
        1937,
        2140,
        2737,
        3500,
        4738,
        6835,
        12334,
        40987,
        330451,
        737396,
        28264,
        93,
        143
      ],
      "metadata": [
        {
          "type": "caBX",
          "bytes": 21881,
          "isText": false,
          "c2pa": true
        }
      ],
      "textMetadataPresent": false,
      "mechanical": "PASS"
    },
    {
      "name": "mage_female.png",
      "path": "art/source/characters/PA1_character_sources/mage_female.png",
      "bytes": 3079175,
      "sha256": "5b0189202bed9a535e852d8ef8ca10178947a84365e5988299e3e97683fb8af6",
      "decodedRgbaSha256": "eba16813d579f72de315cc902be6e158dd763b9920c4a21729070b3f8caad15c",
      "format": "PNG",
      "readable": true,
      "chunkCrcs": "PASS",
      "width": 1086,
      "height": 1448,
      "aspectRatio": 0.75,
      "bitDepth": 8,
      "colorType": 6,
      "alphaChannel": true,
      "transparentPixels": 238731,
      "transparentPercent": 15.181351301852812,
      "opaquePixels": 21,
      "lowAlphaPixels": 34402,
      "highAlphaPixels": 1248834,
      "alphaHistogram": [
        238731,
        11759,
        5843,
        3717,
        2795,
        2057,
        1556,
        1231,
        1069,
        871,
        739,
        705,
        620,
        551,
        473,
        416,
        414,
        373,
        329,
        334,
        297,
        330,
        283,
        270,
        257,
        261,
        203,
        219,
        213,
        175,
        201,
        182,
        173,
        186,
        157,
        184,
        173,
        162,
        170,
        145,
        144,
        151,
        152,
        134,
        158,
        154,
        164,
        174,
        138,
        144,
        143,
        166,
        176,
        158,
        143,
        153,
        139,
        131,
        143,
        143,
        140,
        142,
        132,
        151,
        137,
        163,
        136,
        146,
        137,
        128,
        131,
        115,
        137,
        126,
        133,
        146,
        136,
        129,
        134,
        136,
        122,
        112,
        121,
        113,
        134,
        107,
        111,
        151,
        116,
        127,
        121,
        122,
        120,
        116,
        146,
        134,
        118,
        135,
        114,
        118,
        119,
        131,
        137,
        113,
        125,
        135,
        124,
        127,
        129,
        126,
        131,
        110,
        129,
        142,
        115,
        127,
        130,
        139,
        126,
        120,
        158,
        123,
        139,
        124,
        156,
        104,
        132,
        124,
        141,
        125,
        125,
        141,
        132,
        153,
        142,
        141,
        124,
        129,
        132,
        141,
        146,
        132,
        126,
        149,
        143,
        158,
        154,
        145,
        142,
        146,
        136,
        167,
        187,
        149,
        149,
        140,
        164,
        152,
        128,
        146,
        161,
        162,
        156,
        125,
        164,
        154,
        185,
        176,
        177,
        174,
        171,
        169,
        186,
        174,
        188,
        175,
        172,
        167,
        179,
        163,
        190,
        164,
        208,
        189,
        217,
        171,
        200,
        197,
        241,
        224,
        205,
        219,
        250,
        213,
        227,
        262,
        219,
        227,
        219,
        235,
        227,
        247,
        240,
        284,
        266,
        228,
        285,
        313,
        305,
        289,
        294,
        288,
        298,
        286,
        323,
        356,
        397,
        346,
        391,
        420,
        400,
        435,
        424,
        453,
        484,
        509,
        530,
        515,
        584,
        654,
        683,
        690,
        718,
        812,
        872,
        936,
        1062,
        1203,
        1272,
        1515,
        1718,
        1963,
        2393,
        2958,
        3618,
        4389,
        5381,
        7202,
        10732,
        22335,
        87623,
        514534,
        572281,
        11657,
        29,
        21
      ],
      "metadata": [
        {
          "type": "caBX",
          "bytes": 21881,
          "isText": false,
          "c2pa": true
        }
      ],
      "textMetadataPresent": false,
      "mechanical": "PASS"
    },
    {
      "name": "noble_male.png",
      "path": "art/source/characters/PA1_character_sources/noble_male.png",
      "bytes": 2463931,
      "sha256": "24835b5bba47cef2bc17e4d807bf31f410607461e90387042d18277e9ded397f",
      "decodedRgbaSha256": "546b583d1f58ab191b6061df0d0bb857d429dab22d4ea7b12f1ed282ad151a92",
      "format": "PNG",
      "readable": true,
      "chunkCrcs": "PASS",
      "width": 1086,
      "height": 1448,
      "aspectRatio": 0.75,
      "bitDepth": 8,
      "colorType": 6,
      "alphaChannel": true,
      "transparentPixels": 401626,
      "transparentPercent": 25.54014936459001,
      "opaquePixels": 28,
      "lowAlphaPixels": 18903,
      "highAlphaPixels": 1133891,
      "alphaHistogram": [
        401626,
        7905,
        3010,
        1892,
        1420,
        997,
        734,
        584,
        463,
        410,
        345,
        269,
        217,
        244,
        212,
        201,
        180,
        166,
        154,
        129,
        134,
        142,
        142,
        122,
        114,
        120,
        105,
        117,
        121,
        110,
        93,
        97,
        106,
        86,
        74,
        83,
        84,
        82,
        97,
        91,
        79,
        99,
        73,
        98,
        85,
        82,
        76,
        67,
        82,
        76,
        85,
        75,
        61,
        82,
        58,
        76,
        58,
        78,
        67,
        71,
        75,
        66,
        55,
        70,
        69,
        82,
        54,
        68,
        62,
        63,
        71,
        44,
        55,
        62,
        79,
        63,
        56,
        46,
        47,
        58,
        41,
        56,
        56,
        62,
        52,
        49,
        54,
        57,
        51,
        40,
        57,
        48,
        50,
        45,
        68,
        56,
        55,
        50,
        57,
        66,
        61,
        56,
        50,
        57,
        43,
        56,
        49,
        57,
        40,
        52,
        57,
        44,
        45,
        46,
        45,
        45,
        53,
        53,
        43,
        49,
        33,
        37,
        59,
        56,
        60,
        49,
        57,
        55,
        57,
        48,
        47,
        53,
        55,
        46,
        72,
        57,
        50,
        50,
        57,
        47,
        49,
        49,
        64,
        58,
        42,
        43,
        48,
        52,
        55,
        64,
        59,
        42,
        53,
        47,
        62,
        50,
        48,
        38,
        49,
        67,
        47,
        64,
        63,
        61,
        63,
        56,
        57,
        71,
        70,
        60,
        58,
        61,
        59,
        62,
        65,
        59,
        61,
        70,
        68,
        61,
        70,
        60,
        66,
        70,
        65,
        61,
        72,
        77,
        75,
        76,
        82,
        79,
        68,
        63,
        63,
        96,
        68,
        85,
        83,
        76,
        77,
        70,
        92,
        78,
        89,
        84,
        74,
        86,
        84,
        87,
        97,
        96,
        93,
        90,
        83,
        88,
        105,
        113,
        138,
        112,
        112,
        119,
        122,
        122,
        137,
        142,
        121,
        157,
        162,
        159,
        176,
        190,
        202,
        213,
        232,
        252,
        268,
        327,
        337,
        354,
        427,
        470,
        542,
        651,
        739,
        877,
        1088,
        1420,
        1847,
        3344,
        6436,
        39401,
        663907,
        412589,
        125,
        28
      ],
      "metadata": [
        {
          "type": "caBX",
          "bytes": 23654,
          "isText": false,
          "c2pa": true
        }
      ],
      "textMetadataPresent": false,
      "mechanical": "PASS"
    },
    {
      "name": "noble_female.png",
      "path": "art/source/characters/PA1_character_sources/noble_female.png",
      "bytes": 2317918,
      "sha256": "0b7df086510bc567cf77ab6f35e4ec99c92cb20322a6384e52108ca86ac6d23d",
      "decodedRgbaSha256": "cb5997434fd1ec15fbfc26435183f623514777b48632d2486725d20e6f65aea6",
      "format": "PNG",
      "readable": true,
      "chunkCrcs": "PASS",
      "width": 1086,
      "height": 1448,
      "aspectRatio": 0.75,
      "bitDepth": 8,
      "colorType": 6,
      "alphaChannel": true,
      "transparentPixels": 478661,
      "transparentPercent": 30.438949258773135,
      "opaquePixels": 193,
      "lowAlphaPixels": 25567,
      "highAlphaPixels": 1042895,
      "alphaHistogram": [
        478661,
        11739,
        4367,
        2726,
        1754,
        1135,
        755,
        537,
        443,
        383,
        335,
        369,
        251,
        262,
        261,
        250,
        233,
        255,
        211,
        205,
        205,
        179,
        211,
        209,
        200,
        220,
        179,
        202,
        194,
        170,
        178,
        191,
        186,
        154,
        166,
        131,
        178,
        188,
        175,
        142,
        168,
        174,
        166,
        168,
        157,
        164,
        156,
        139,
        136,
        158,
        136,
        134,
        138,
        137,
        131,
        138,
        116,
        130,
        137,
        119,
        112,
        125,
        130,
        114,
        117,
        112,
        134,
        109,
        101,
        105,
        111,
        113,
        118,
        115,
        107,
        94,
        100,
        114,
        91,
        110,
        100,
        100,
        105,
        103,
        97,
        112,
        91,
        97,
        88,
        104,
        113,
        92,
        112,
        121,
        116,
        84,
        95,
        108,
        101,
        100,
        100,
        109,
        102,
        94,
        95,
        92,
        97,
        93,
        101,
        91,
        91,
        90,
        78,
        101,
        76,
        83,
        99,
        80,
        87,
        81,
        92,
        77,
        67,
        103,
        73,
        80,
        88,
        90,
        87,
        90,
        71,
        85,
        87,
        90,
        76,
        67,
        81,
        99,
        73,
        76,
        84,
        71,
        73,
        86,
        69,
        59,
        73,
        78,
        81,
        75,
        85,
        64,
        73,
        85,
        70,
        84,
        79,
        82,
        78,
        85,
        94,
        61,
        73,
        79,
        57,
        73,
        71,
        78,
        65,
        64,
        70,
        74,
        66,
        85,
        72,
        94,
        82,
        72,
        82,
        73,
        74,
        75,
        60,
        61,
        67,
        81,
        83,
        73,
        78,
        77,
        80,
        61,
        66,
        80,
        68,
        80,
        76,
        82,
        85,
        81,
        89,
        86,
        86,
        79,
        108,
        83,
        101,
        89,
        92,
        104,
        115,
        102,
        99,
        102,
        87,
        92,
        120,
        106,
        113,
        121,
        113,
        123,
        148,
        114,
        125,
        116,
        130,
        162,
        156,
        151,
        192,
        163,
        201,
        207,
        215,
        215,
        233,
        263,
        315,
        355,
        425,
        509,
        676,
        845,
        1035,
        1360,
        1634,
        2132,
        2909,
        4591,
        8443,
        24581,
        421170,
        572180,
        212,
        193
      ],
      "metadata": [
        {
          "type": "caBX",
          "bytes": 23654,
          "isText": false,
          "c2pa": true
        }
      ],
      "textMetadataPresent": false,
      "mechanical": "PASS"
    },
    {
      "name": "halforc_male.png",
      "path": "art/source/characters/PA1_character_sources/halforc_male.png",
      "bytes": 3028357,
      "sha256": "2b41f2181c80aba53941bbdd7005a0f2961d58744e3f098970d0168213682167",
      "decodedRgbaSha256": "b5f8c2d29247b0c68ce3be784c116ae2e4376c8132321aa30bb0636d521df803",
      "format": "PNG",
      "readable": true,
      "chunkCrcs": "PASS",
      "width": 1086,
      "height": 1448,
      "aspectRatio": 0.75,
      "bitDepth": 8,
      "colorType": 6,
      "alphaChannel": true,
      "transparentPixels": 211576,
      "transparentPercent": 13.454514005473989,
      "opaquePixels": 35,
      "lowAlphaPixels": 15944,
      "highAlphaPixels": 1332263,
      "alphaHistogram": [
        211576,
        7023,
        2809,
        1713,
        1186,
        805,
        540,
        373,
        295,
        238,
        192,
        176,
        191,
        150,
        142,
        111,
        95,
        100,
        109,
        91,
        101,
        96,
        63,
        61,
        81,
        74,
        61,
        65,
        70,
        62,
        64,
        46,
        58,
        47,
        44,
        57,
        62,
        61,
        46,
        49,
        57,
        52,
        52,
        37,
        49,
        31,
        58,
        47,
        58,
        34,
        44,
        40,
        40,
        32,
        31,
        38,
        35,
        48,
        50,
        47,
        47,
        37,
        40,
        40,
        47,
        42,
        27,
        48,
        52,
        41,
        45,
        33,
        43,
        38,
        46,
        38,
        42,
        51,
        33,
        29,
        31,
        37,
        28,
        41,
        24,
        27,
        41,
        33,
        37,
        38,
        28,
        38,
        32,
        30,
        33,
        41,
        33,
        34,
        33,
        37,
        36,
        33,
        36,
        33,
        31,
        32,
        28,
        35,
        36,
        35,
        34,
        27,
        38,
        43,
        28,
        37,
        34,
        33,
        37,
        38,
        36,
        20,
        33,
        32,
        40,
        34,
        36,
        29,
        30,
        38,
        33,
        31,
        32,
        38,
        41,
        28,
        25,
        37,
        37,
        37,
        34,
        43,
        39,
        34,
        37,
        33,
        23,
        41,
        21,
        30,
        33,
        27,
        39,
        35,
        36,
        36,
        33,
        32,
        41,
        36,
        37,
        29,
        41,
        36,
        34,
        33,
        41,
        39,
        30,
        36,
        36,
        30,
        29,
        43,
        49,
        35,
        29,
        42,
        40,
        39,
        52,
        37,
        41,
        42,
        43,
        48,
        49,
        54,
        52,
        39,
        45,
        58,
        52,
        59,
        54,
        48,
        52,
        41,
        69,
        59,
        56,
        60,
        46,
        45,
        60,
        67,
        55,
        77,
        60,
        61,
        58,
        67,
        64,
        76,
        60,
        62,
        65,
        65,
        89,
        88,
        87,
        93,
        91,
        115,
        114,
        124,
        122,
        154,
        133,
        126,
        183,
        165,
        174,
        218,
        223,
        233,
        266,
        312,
        334,
        403,
        423,
        502,
        612,
        694,
        896,
        1020,
        1338,
        1959,
        3903,
        10393,
        51486,
        374857,
        855997,
        28112,
        36,
        35
      ],
      "metadata": [
        {
          "type": "caBX",
          "bytes": 23654,
          "isText": false,
          "c2pa": true
        }
      ],
      "textMetadataPresent": false,
      "mechanical": "PASS"
    },
    {
      "name": "halforc_female.png",
      "path": "art/source/characters/PA1_character_sources/halforc_female.png",
      "bytes": 2836805,
      "sha256": "86409e51cd122ab9cd31d67db9295c4990f4194c408020a6b6350ad0c0ecbc26",
      "decodedRgbaSha256": "581997c38126423bd2837a058c615b8d1d64ac191ced82865f1430b3c4200402",
      "format": "PNG",
      "readable": true,
      "chunkCrcs": "PASS",
      "width": 1086,
      "height": 1448,
      "aspectRatio": 0.75,
      "bitDepth": 8,
      "colorType": 6,
      "alphaChannel": true,
      "transparentPixels": 287599,
      "transparentPercent": 18.28895892473775,
      "opaquePixels": 14,
      "lowAlphaPixels": 24857,
      "highAlphaPixels": 1230843,
      "alphaHistogram": [
        287599,
        8822,
        4292,
        3203,
        2203,
        1464,
        1013,
        816,
        641,
        528,
        419,
        387,
        306,
        282,
        249,
        232,
        195,
        192,
        175,
        184,
        172,
        170,
        140,
        130,
        139,
        115,
        121,
        132,
        127,
        156,
        101,
        105,
        112,
        121,
        110,
        82,
        104,
        111,
        93,
        87,
        95,
        90,
        92,
        93,
        106,
        83,
        110,
        104,
        101,
        88,
        82,
        83,
        105,
        92,
        89,
        84,
        87,
        75,
        87,
        92,
        77,
        87,
        91,
        90,
        89,
        74,
        71,
        78,
        77,
        78,
        90,
        74,
        93,
        69,
        71,
        63,
        80,
        71,
        56,
        67,
        64,
        88,
        80,
        66,
        88,
        88,
        66,
        81,
        64,
        77,
        80,
        66,
        62,
        66,
        55,
        75,
        78,
        68,
        65,
        87,
        65,
        69,
        77,
        64,
        73,
        65,
        70,
        72,
        77,
        57,
        68,
        66,
        93,
        75,
        81,
        74,
        54,
        72,
        63,
        81,
        52,
        60,
        78,
        70,
        72,
        81,
        78,
        70,
        63,
        58,
        55,
        65,
        75,
        83,
        78,
        91,
        54,
        80,
        79,
        80,
        79,
        70,
        86,
        70,
        71,
        75,
        74,
        70,
        91,
        64,
        84,
        88,
        78,
        70,
        76,
        70,
        83,
        81,
        94,
        78,
        87,
        77,
        93,
        84,
        92,
        90,
        93,
        92,
        86,
        98,
        91,
        98,
        97,
        105,
        102,
        93,
        101,
        100,
        110,
        90,
        98,
        115,
        114,
        114,
        113,
        107,
        81,
        125,
        129,
        125,
        138,
        108,
        109,
        121,
        109,
        110,
        118,
        124,
        121,
        136,
        112,
        132,
        133,
        141,
        130,
        146,
        171,
        147,
        157,
        169,
        151,
        185,
        195,
        173,
        192,
        171,
        180,
        207,
        212,
        212,
        258,
        225,
        277,
        258,
        280,
        264,
        321,
        299,
        323,
        377,
        444,
        443,
        493,
        476,
        539,
        600,
        685,
        773,
        915,
        1057,
        1372,
        1537,
        1857,
        2189,
        2848,
        3585,
        4204,
        4669,
        6042,
        10453,
        29115,
        221409,
        861337,
        80157,
        55,
        14
      ],
      "metadata": [
        {
          "type": "caBX",
          "bytes": 21881,
          "isText": false,
          "c2pa": true
        }
      ],
      "textMetadataPresent": false,
      "mechanical": "PASS"
    },
    {
      "name": "dwarf_male.png",
      "path": "art/source/characters/PA1_character_sources/dwarf_male.png",
      "bytes": 2872199,
      "sha256": "26dfc1e8752e7e4c6ae23eb8c196646bea55d559e242fc2de78cc65d3dbf6524",
      "decodedRgbaSha256": "ee05544bbc5ed92dcbc15b08a3d68e2259dd72ed93a140b8785a16086ed0e5b1",
      "format": "PNG",
      "readable": true,
      "chunkCrcs": "PASS",
      "width": 1122,
      "height": 1402,
      "aspectRatio": 0.8002853067047075,
      "bitDepth": 8,
      "colorType": 6,
      "alphaChannel": true,
      "transparentPixels": 307778,
      "transparentPercent": 19.565759126890285,
      "opaquePixels": 13,
      "lowAlphaPixels": 13771,
      "highAlphaPixels": 1237174,
      "alphaHistogram": [
        307778,
        6287,
        2701,
        1365,
        829,
        481,
        383,
        304,
        271,
        222,
        190,
        179,
        160,
        150,
        128,
        121,
        140,
        119,
        108,
        106,
        100,
        105,
        104,
        99,
        90,
        90,
        94,
        90,
        69,
        79,
        87,
        99,
        65,
        75,
        73,
        77,
        62,
        68,
        67,
        82,
        72,
        71,
        83,
        82,
        72,
        59,
        56,
        83,
        58,
        76,
        64,
        52,
        73,
        92,
        71,
        63,
        67,
        77,
        67,
        78,
        74,
        53,
        66,
        45,
        69,
        68,
        63,
        45,
        49,
        46,
        55,
        70,
        71,
        63,
        54,
        59,
        64,
        52,
        55,
        60,
        58,
        51,
        52,
        54,
        56,
        55,
        50,
        65,
        58,
        51,
        51,
        60,
        59,
        55,
        55,
        35,
        46,
        56,
        59,
        47,
        48,
        45,
        57,
        45,
        64,
        53,
        49,
        41,
        38,
        48,
        34,
        48,
        46,
        51,
        45,
        41,
        39,
        48,
        43,
        58,
        29,
        35,
        51,
        44,
        41,
        51,
        49,
        38,
        39,
        40,
        53,
        33,
        39,
        47,
        56,
        37,
        52,
        50,
        50,
        50,
        49,
        53,
        40,
        48,
        44,
        48,
        47,
        41,
        47,
        46,
        35,
        46,
        36,
        40,
        47,
        37,
        42,
        45,
        50,
        42,
        40,
        35,
        46,
        43,
        52,
        48,
        37,
        56,
        39,
        38,
        35,
        56,
        57,
        43,
        54,
        44,
        42,
        39,
        48,
        53,
        56,
        47,
        46,
        46,
        50,
        40,
        54,
        56,
        49,
        45,
        51,
        55,
        40,
        37,
        54,
        55,
        47,
        46,
        38,
        50,
        57,
        48,
        70,
        51,
        61,
        39,
        45,
        48,
        79,
        62,
        72,
        66,
        76,
        71,
        76,
        73,
        68,
        75,
        74,
        72,
        77,
        97,
        86,
        91,
        93,
        117,
        90,
        108,
        92,
        115,
        115,
        127,
        128,
        160,
        136,
        141,
        176,
        214,
        216,
        266,
        287,
        336,
        408,
        493,
        662,
        929,
        1198,
        1772,
        2690,
        4401,
        14681,
        231764,
        938644,
        38872,
        24,
        13
      ],
      "metadata": [
        {
          "type": "caBX",
          "bytes": 23654,
          "isText": false,
          "c2pa": true
        }
      ],
      "textMetadataPresent": false,
      "mechanical": "PASS"
    },
    {
      "name": "dwarf_female.png",
      "path": "art/source/characters/PA1_character_sources/dwarf_female.png",
      "bytes": 2807031,
      "sha256": "4cbd5662ca1990ae463c8a0096e08b5b41578323815741af020027fafe349034",
      "decodedRgbaSha256": "84136c74268f4b86306dd39ace204d04402f09a7349fa0b805c163e9ae086852",
      "format": "PNG",
      "readable": true,
      "chunkCrcs": "PASS",
      "width": 1122,
      "height": 1402,
      "aspectRatio": 0.8002853067047075,
      "bitDepth": 8,
      "colorType": 6,
      "alphaChannel": true,
      "transparentPixels": 348634,
      "transparentPercent": 22.163016419121142,
      "opaquePixels": 30,
      "lowAlphaPixels": 15020,
      "highAlphaPixels": 1193308,
      "alphaHistogram": [
        348634,
        6467,
        2460,
        1726,
        1184,
        801,
        488,
        376,
        296,
        218,
        221,
        172,
        168,
        171,
        148,
        124,
        129,
        137,
        112,
        105,
        94,
        109,
        106,
        106,
        107,
        107,
        84,
        90,
        79,
        80,
        89,
        111,
        71,
        80,
        77,
        93,
        100,
        68,
        81,
        69,
        74,
        76,
        62,
        61,
        75,
        76,
        55,
        59,
        64,
        78,
        59,
        73,
        72,
        59,
        58,
        67,
        55,
        59,
        50,
        54,
        49,
        48,
        61,
        64,
        57,
        64,
        72,
        55,
        63,
        53,
        59,
        53,
        51,
        56,
        68,
        66,
        49,
        57,
        49,
        51,
        48,
        50,
        46,
        45,
        52,
        49,
        36,
        38,
        56,
        58,
        45,
        58,
        50,
        42,
        45,
        46,
        50,
        31,
        40,
        47,
        45,
        55,
        41,
        37,
        45,
        63,
        59,
        62,
        57,
        60,
        57,
        50,
        49,
        43,
        47,
        51,
        43,
        52,
        42,
        47,
        51,
        54,
        66,
        50,
        33,
        47,
        43,
        50,
        50,
        47,
        54,
        49,
        50,
        52,
        44,
        54,
        51,
        45,
        37,
        48,
        53,
        47,
        60,
        50,
        44,
        40,
        40,
        47,
        45,
        41,
        39,
        48,
        45,
        58,
        51,
        42,
        54,
        52,
        43,
        45,
        51,
        46,
        57,
        52,
        61,
        47,
        51,
        57,
        43,
        66,
        49,
        57,
        44,
        52,
        53,
        66,
        52,
        59,
        49,
        39,
        50,
        47,
        48,
        47,
        67,
        59,
        60,
        46,
        67,
        48,
        61,
        73,
        61,
        74,
        60,
        47,
        62,
        70,
        69,
        56,
        56,
        44,
        73,
        59,
        79,
        83,
        61,
        95,
        85,
        74,
        72,
        83,
        92,
        89,
        68,
        92,
        117,
        79,
        113,
        103,
        109,
        89,
        100,
        127,
        114,
        124,
        138,
        122,
        169,
        179,
        181,
        173,
        176,
        202,
        215,
        256,
        250,
        284,
        338,
        325,
        414,
        434,
        529,
        664,
        885,
        1020,
        1286,
        1800,
        2766,
        4773,
        11063,
        132036,
        947739,
        87842,
        27,
        30
      ],
      "metadata": [
        {
          "type": "caBX",
          "bytes": 21881,
          "isText": false,
          "c2pa": true
        }
      ],
      "textMetadataPresent": false,
      "mechanical": "PASS"
    }
  ],
  "duplicateFiles": false
}
