
> casino-blackjack@0.0.0 test
> vitest run tests/unit/portfolio.test.ts


 RUN  v5.0.2 C:/Users/user/Documents/GitHub/casino-blackjack

 ❯ tests/unit/portfolio.test.ts (2 tests | 1 failed) 16ms
   × portfolio relative links resolve and public text excludes private local paths or stale milestone status 11ms
npm.cmd :
At line:3 char:1
+ npm.cmd test -- tests/unit/portfolio.test.ts *> docs/PA1_INDEPENDENT_ ...
+ ~~~~~~~~~~~~~~~~~~~~~~~~~~~~~~~~~~~~~~~~~~~~~~~~~~~~~~~~~~~~~~~~~~~~~
    + CategoryInfo          : NotSpecified: (:String) [], RemoteException
    + FullyQualifiedErrorId : NativeCommandError

⎯⎯⎯⎯⎯⎯⎯ Failed Tests 1 ⎯⎯⎯⎯⎯⎯⎯

 FAIL  tests/unit/portfolio.test.ts > portfolio relative links resolve and public text excludes private local paths or
stale milestone status
AssertionError: README.md: expected '## Current PA1 work\n\nM1-M8 and RA1 …' not to match /C:\\Users\\|AppData|M[78].*N
OT STARTE…/

- Expected:
/C:\\Users\\|AppData|M[78].*NOT STARTED|M7.*NOT ACCEPTED/

+ Received:
"## Current PA1 work

M1-M8 and RA1 HUMAN ACCEPTED by the owner. [PA1 independent review ACCEPTED](docs/PA1_INDEPENDENT_REVIEW.md) for implem
entation `3c50ab4d0183cff13f2380bd60faa31583d3e988`, under the owner's conditional review delegation. M9 HUMAN ACCEPTED
: NO; the separate owner experience evaluation remains outstanding. Deployment NOT RUN. M10 NOT STARTED. Earlier delive
ry blocks below preserve their historical status.

PA1 is the presentation-only [Fantasy Character Presentation Pack](docs/PA1_CONTRACT.md). T01-T07 IMPLEMENTED / VERIFIE
D / COMMITTED / PUSHED. All twelve transparent sources passed the [individual audit](docs/PA1_ASSET_AUDIT.md), includin
g Noble replacements, and remain unchanged in `art/source/characters/PA1_character_sources`. The [pinned pipeline](docs
/PA1_ASSET_PIPELINE.md) reproduces240x320 portraits. Player Mode defaults to Roland, with a secondary native Change Cha
racter selector and unique automatic guests. Normal rounds preserve identities; changing to a guest's character exchang
es only that guest with your previous avatar. Dealer independent. Domain/gameplay RNG/replay/digests/computer strategy
unchanged. Independent official verification **76 Vitest files / 1031 tests**, **1 Chromium project / 63 tests** and al
l M1-M8 preservation PASS; twelve assets mechanically and visually reviewed. Historical T05 root cause remains unestabl
ished; bounded5/5 E03 and42/42 integration diagnostics passed. [Evidence](docs/PA1_EVIDENCE.md), [screenshots](docs/PA1
_SCREENSHOTS.md), [completed review](docs/PA1_INDEPENDENT_REVIEW.md). Recommended GPT Sol6.1/High; actual runtime NOT V
ERIFIED. Historical delivery blocks below preserve their earlier versions.

<!-- END CURRENT PA1 -->

## Historical RA1 delivery

House Rules v1.2 / Re-split Aces: [contract](docs/RA1_CONTRACT.md), [mapping](docs/RA1_MAPPING.md), [evidence](docs/RA1
_EVIDENCE.md), [fresh-session handoff](docs/RA1_REVIEW_HANDOFF.md). M1-M8 HUMAN ACCEPTED. M9 IMPLEMENTED / VERIFIED; ge
nuinely fresh independent review NO FINDINGS at `8326f846ad753b79fd8d35f76b00f28854e2f448`; M9 ACCEPTED: NO. RA1 ACCEPT
ED: NO. Deployment NOT RUN. No M10.

RA1-T01..T05 IMPLEMENTED / VERIFIED / COMMITTED / PUSHED. Final code/test checkpoint `1fc211a3b92aa095bc9d37de63e2f967a
0a52ad4` published on main; normal push/fetch PASS/0 at 2026-10-02 00:52:21 +08:00, main=origin/main,0/0,clean/full unt
racked empty. Final evidence-only receipt SHA is identified by Git/final delivery. Official final harness PASS/0 at 202
6-10-02 00:47:18 +08:00; complete Vitest/Chromium and accepted M1-M8 preservation PASS. Same-session task diff reviewed
; genuinely fresh independent review remains pending. RA1 repair ledger T01..T05 `2,0,2,1,1` (each /10); historical M8
`0,2,3,2,2,1,2,6,4` and M9 `0,2,1,1,3,0,2,1,5` unchanged. Recommended GPT Sol 6.1 / High; actual model/effort NOT VERIF
IED / NOT VERIFIED. RA1 fresh independent review NOT RUN.

Current inventory: **73 Vitest files / 1020 tests**, **1 Chromium project / 58 tests**; **30 uniquely mapped RSA regres
sions** plus additional preservation/contract/UI checks. Inventory is not execution evidence; checked results are in RA
1_EVIDENCE. Default normal Player Mode: CLASSIC_6D_S17_V1_2. Supported: CLASSIC_6D_S17_V1_1, CHARLIE5_6D_S17_V1_1 (RSA
OFF), CLASSIC_6D_S17_V1_2, CHARLIE5_6D_S17_V1_2 (RSA ON). Replay schema/RNG/digest/audit versions unchanged.

Records below preserve their historical versions, inventories, review boundaries and failed attempts; earlier M9 fresh-
review NOT RUN statements are superseded by the supplied NO FINDINGS review at the baseline. They do not describe RA1 b
ehavior or accept M9/RA1.

<!-- END CURRENT RA1 -->

# Casino Blackjack

Sit down at an illustrated blackjack table, choose your own wager and play. A central fictional female dealer and three
 unique fantasy computer guests are already present. Choose your avatar under Change Character. Computer wagers, turns
and dealer resolution happen automatically; your hand and decisions stay at the near edge of the felt.

**Simulated credits only, with no redemption value.** Local TypeScript / React / Vite portfolio project.

![Player table with central dealer, guests and first-person cards](docs/images/m9-table-1280.png)

## Current M9 delivery

M1-M8 HUMAN ACCEPTED. M8 HUMAN ACCEPTED at `8f5aca327f41f1078fc4fef20b611fd9cd494492`; final independent review NO FIND
INGS, MEDIUM-05 CLOSED, all previous findings CLOSED. The owner's explicit acceptance was recorded with substantive T01
. M8 repair ledger `0,2,3,2,2,1,2,6,4` remains unchanged.

M9-T01..T09 IMPLEMENTED / VERIFIED / COMMITTED / PUSHED. Stop at the fresh-session review gate. M9 NOT ACCEPTED. Fresh-
session review NOT RUN. Deployment NOT RUN. Recommended GPT Sol 6.1 / High; actual model/effort NOT VERIFIED / NOT VERI
FIED.

Current suite inventory: **68 Vitest files / 978 tests**, **1 Chromium project / 55 tests**. Execution results and fail
ures are recorded separately in [M9 evidence](docs/M9_EVIDENCE.md); inventory is not a PASS claim. [Fresh review pack](
docs/M9_REVIEW_HANDOFF.md). M9 cumulative repair ledger: `0,2,1,1,3,0,2,1,5`.

T09 implementation published on main at fc5cbd687a14e0e1eb1fae0ee6830e139397fe06, normal push/fetch PASS at 2026-10-01
22:35:03 +08:00, main=origin/main,0/0,clean/full untracked empty. This final documentation receipt changes no executabl
e/test/dependency/runtime settings; its own final SHA is recorded in Git/delivery.

<!-- END CURRENT M9 -->

## Play locally

Requires Node.js/npm and Windows PowerShell for the official harness.

```powershell
npm.cmd ci
npx.cmd playwright install chromium
npm.cmd run dev
```

Open the local URL printed by Vite. Classic Blackjack is the default. Choose 10-1000 whole credits and press **Deal**.
Hit, Stand, Double, Split or Surrender when eligible. Insurance / Even Money and your financial follower choices always
 wait for you.

The normal table uses **House Rules v1.2 / Classic**, with Re-split Aces. A Split-Ace hand receives one supplement. If
it is A+A and funds/cap permit, choose **Split** or **Stand to keep Soft 12**. Otherwise it completes automatically. Hi
t, Double and Surrender remain unavailable; A+ten is ordinary 21. Historical v1.1 profiles remain available in secondar
y demo settings and preserve old replay behavior.

**Deal Again** opens betting with the same balances and shoe. **Repeat Bet** explicitly deals the last original main am
ount; it does not repeat side/back/Insurance stakes or Double/Split exposure. An unaffordable repeat is disabled. Optio
nal own side/back wagers are under **Optional wagers**. Guests fund 25 credits from their own existing balance, use sma
ller whole-credit stakes when needed, or sit out below the minimum.

**Developer / demo tools** starts closed. Expand it for seed/profile settings, public Audit, finalized seeded Replay, o
r a deliberate manual demo with explicit configuration/wagering/progression. Changing modes or starting a new demo is l
abelled as a credit reset. Active/funded player rounds cannot reset. A refresh starts over; no session is persisted.

## Verification

```powershell
powershell.exe -NoProfile -ExecutionPolicy Bypass -File .\\scripts\\verify.ps1
git diff --check
git status --short --untracked-files=all
```

The harness runs typecheck, lint, Vitest, DOM-free domain compilation, production build/fixture exclusion, Chromium E2E
 and independent accepted M1-M8 preservation. It checks process exits and fails visibly. Current PA1 inventory:76 files
/1031 Vitest/63 Chromium. Accepted M8 remains66/956/44; M9 owns22 unit/document and11 browser scenarios. RA1 adds42 Vit
est and3 Chromium, including30 mapped RSA regressions. PA1 adds11 Vitest and5 Chromium checks; REG-M8-001..096 and all
original assertions remain protected. Also run `node scripts/verify-character-assets.mjs` for complete original/product
ion receipt equality and pinned byte-for-byte reproduction. [PA1 mapping](docs/PA1_MAPPING.md), [preservation](docs/PA1
_PRESERVATION.md), [fresh review](docs/PA1_REVIEW_HANDOFF.md).

## Profiles and engineering

Six-deck S17 Classic includes accepted Double, Split/Re-split, restricted Split Aces, Late Surrender, separate Pair / T
HREE_CARD / Insurance / Even Money and Bet Behind. The optional Five-Card Charlie Demo is explicitly selected: a legal
Hit that brings the hand to exactly five cards with a total of 21 or less wins 1:1. It is a custom demo profile.

| Supported profile | Charlie | Re-split Aces |
| --- | --- | --- |
| `CLASSIC_6D_S17_V1_1` | OFF | DISABLED |
| `CHARLIE5_6D_S17_V1_1` | ON | DISABLED |
| `CLASSIC_6D_S17_V1_2` (normal Player Mode) | OFF | ENABLED |
| `CHARLIE5_6D_S17_V1_2` | ON | ENABLED |

Immutable headless domain handlers own cards, bankrolls and settlement. Browser-only orchestration expands player inten
tions into the same replayable/audited commands, with capacity checked before composite mutation. Integer half-credit a
ccounting, exactly-once settlement/VOID and hidden-card projection stay unchanged from accepted M8. The dealer retains
its code-native SVG; fantasy portrait originals were supplied by the owner and preserved with audited transparent deriv
atives. Keyboard focus, semantic cards, live feedback, reduced motion and320px layouts have automated coverage.

No network multiplayer, accounts, storage, payment, real money, certification or deployment is included. [Rules](docs/R
ULES.md), [scope](docs/SPEC.md), [design](docs/DESIGN.md), [UX](docs/UX_UI.md), [portfolio walkthrough](docs/PORTFOLIO.
md).
"

 ❯ tests/unit/portfolio.test.ts:8:28
      6|   for (const file of ['README.md', 'docs/PORTFOLIO.md']) {
      7|     const text = readFileSync(file, 'utf8');
      8|     expect(text, file).not.toMatch(/C:\\Users\\|AppData|M[78].*NOT STA…
       |                            ^
      9|     for (const match of text.matchAll(/!?\[[^\]]*\]\(([^)]+)\)/g)) {
     10|       const target = match[1].split('#')[0];

⎯⎯⎯⎯⎯⎯⎯⎯⎯⎯⎯⎯⎯⎯⎯⎯⎯⎯⎯⎯⎯⎯⎯⎯[1/1]⎯


 Test Files  1 failed (1)
      Tests  1 failed | 1 passed (2)
   Start at  11:29:14
   Duration  373ms (transform 48%, import 23%, tests 19%, worker 9%)
