Running: npm run typecheck

> casino-blackjack@0.0.0 typecheck
> tsc --noEmit

PASS: typecheck
Running: npm run lint

> casino-blackjack@0.0.0 lint
> eslint . --max-warnings 0

PASS: lint
Running: npm run test

> casino-blackjack@0.0.0 test
> vitest run


 RUN  v5.0.2 C:/Users/user/Documents/GitHub/casino-blackjack


 Test Files  76 passed (76)
      Tests  1031 passed (1031)
   Start at  11:33:08
   Duration  10.84s (tests 77%, import 16%, transform 6%, worker 1%)

    Isolate  76 workers spawned · ~279ms startup each (spawn + environment, per file)
             at least ~2.75s faster with isolate: false — reuses workers across files instead of one per file

PASS: test
Running: npm run typecheck:domain

> casino-blackjack@0.0.0 typecheck:domain
> tsc -p tsconfig.domain.json

PASS: typecheck:domain
Running: npm run build

> casino-blackjack@0.0.0 build
> vite build && node scripts/check-browser-build.mjs

vite v8.3.1 building client environment for production...
transforming...
✓ 50 modules transformed.
rendering chunks...
computing gzip size...
dist/index.html                   0.45 kB │ gzip:  0.28 kB
dist/assets/index-l9KJleTs.css   18.58 kB │ gzip:  4.90 kB
dist/assets/index-DTL-LVvw.js   318.73 kB │ gzip: 95.29 kB

✓ built in 231ms
PASS: production fixture boundary (2 browser output files)
PASS: build
Running: npm run test:e2e

> casino-blackjack@0.0.0 test:e2e
> playwright test

powershell.exe : [WebServer] (node:32892) Warning: The 'NO_COLOR' env is ignored due to the 'FORCE_COLOR' env being set
.
位於 線路:6 字元:1
+ powershell.exe -NoProfile -ExecutionPolicy Bypass -File .\scripts\ver ...
+ ~~~~~~~~~~~~~~~~~~~~~~~~~~~~~~~~~~~~~~~~~~~~~~~~~~~~~~~~~~~~~~~~~~~~~
    + CategoryInfo          : NotSpecified: ([WebServer] (no... env being set.:String) [], RemoteException
    + FullyQualifiedErrorId : NativeCommandError

[WebServer] (Use `node --trace-warnings ...` to show where the warning was created)

Running 63 tests using 1 worker

(node:3184) Warning: The 'NO_COLOR' env is ignored due to the 'FORCE_COLOR' env being set.
(Use `node --trace-warnings ...` to show where the warning was created)
  ✓   1 [chromium] › tests\browser\accessibility.spec.ts:10:1 › [REG-M7-041] [UX-11] [E2E-12] keyboard-only setup, wager, Hit/Stand and completion with visible focus (1.8s)
  ✓   2 [chromium] › tests\browser\accessibility.spec.ts:22:1 › [REG-M7-042] desktop has no horizontal overflow and primary controls meet touch height (934ms)
  ✓   3 [chromium] › tests\browser\accessibility.spec.ts:31:1 › [REG-M7-043] [UX-12] [E2E-13] 320px mobile prioritizes the local hand without page horizontal overflow (704ms)
  ✓   4 [chromium] › tests\browser\accessibility.spec.ts:43:1 › [REG-M7-044] reduced-motion still exposes controls, semantic names and secret-free card back (652ms)
  ✓   5 [chromium] › tests\browser\gameplay.spec.ts:7:1 › [REG-M7-045] [E2E-01] start a round and complete exact Hit/Stand flow (966ms)
  ✓   6 [chromium] › tests\browser\gameplay.spec.ts:15:1 › [REG-M7-046] [UX-04] [E2E-02] known hidden rank/suit/physical ID absent from DOM and accessibility until reveal (783ms)
  ✓   7 [chromium] › tests\browser\gameplay.spec.ts:28:1 › [REG-M7-047] [UX-06] [E2E-03] completed hand has no further gameplay controls (768ms)
  ✓   8 [chromium] › tests\browser\gameplay.spec.ts:33:1 › [REG-M7-048] [UX-08] [E2E-04] insufficient available credits disable Double with a reason (678ms)
  ✓   9 [chromium] › tests\browser\gameplay.spec.ts:38:1 › [REG-M7-049] [UX-09] [E2E-05] Split displays two ordered hands and activates the sibling after Stand (785ms)
  ✓  10 [chromium] › tests\browser\gameplay.spec.ts:45:1 › [REG-M7-050] [E2E-06] Split Aces have one added card each and no Hit/Double/Surrender (766ms)
  ✓  11 [chromium] › tests\browser\gameplay.spec.ts:51:1 › [REG-M7-051] [E2E-07] Surrender shows exact half returned and half lost (740ms)
  ✓  12 [chromium] › tests\browser\gameplay.spec.ts:55:1 › [REG-M7-052] [E2E-08] Ace choices are before peek and eligible Even Money is distinct (626ms)
  ✓  13 [chromium] › tests\browser\gameplay.spec.ts:61:1 › [REG-M7-053] [UX-10] [E2E-09] one seat busts while another remains active and hole card stays hidden (787ms)
  ✓  14 [chromium] › tests\browser\gameplay.spec.ts:66:1 › [REG-M7-054] [E2E-10] independent side result survives a main loss (805ms)
  ✓  15 [chromium] › tests\browser\gameplay.spec.ts:71:1 › [REG-M7-055] [E2E-11] spectator follower cannot control target hand (725ms)
  ✓  16 [chromium] › tests\browser\gameplay.spec.ts:76:1 › [REG-M7-056] [E2E-14] CLASSIC five-card hand is not Charlie and can continue (858ms)
  ✓  17 [chromium] › tests\browser\gameplay.spec.ts:81:1 › [REG-M7-057] [E2E-15] required-draw fault is interruption/VOID/refund with no normal winner (844ms)
  ✓  18 [chromium] › tests\browser\gameplay.spec.ts:87:1 › [REG-M7-058] controlled Double follow ADD has exact funded exposure and matching result (792ms)
  ✓  19 [chromium] › tests\browser\gameplay.spec.ts:92:1 › [REG-M7-059] controlled Split follow NO ADD tracks only ordered first child (600ms)
  ✓  20 [chromium] › tests\browser\gameplay.spec.ts:97:1 › [REG-M7-060] unfunded follow ADD is disabled without vetoing NO ADD continuation (643ms)
  ✓  21 [chromium] › tests\browser\gameplay.spec.ts:101:1 › [REG-M7-061] Insurance is separate and unavailable after peek; unfunded choice remains disabled (860ms)
  ✓  22 [chromium] › tests\browser\gameplay.spec.ts:106:1 › [REG-M7-062] next round retains available funds and truthfully continues the same shoe (964ms)
  ✓  23 [chromium] › tests\browser\gameplay.spec.ts:114:1 › [REG-M7-063] spectator setup places a real Bet Behind without an own MAIN or side bets (865ms)
  ✓  24 [chromium] › tests\browser\gameplay.spec.ts:121:1 › [REG-M7-064] Re-split retains depth-first stable hand identities and completed leaves (801ms)
  ✓  25 [chromium] › tests\browser\m8.spec.ts:11:1 › [REG-M8-079] Classic five-card hand has no Charlie result and can continue (837ms)
  ✓  26 [chromium] › tests\browser\m8.spec.ts:15:1 › [REG-M8-080] Charlie profile is selected explicitly before seeded play (881ms)
  ✓  27 [chromium] › tests\browser\m8.spec.ts:21:1 › [REG-M8-081] five-card Charlie presents normal 1:1 return and ends actions (949ms)
  ✓  28 [chromium] › tests\browser\m8.spec.ts:26:1 › [REG-M8-082] fifth-card 21 says Charlie Win rather than Blackjack (998ms)
  ✓  29 [chromium] › tests\browser\m8.spec.ts:30:1 › [REG-M8-083] profile and seed controls cannot change during active hidden-card round (958ms)
  ✓  30 [chromium] › tests\browser\m8.spec.ts:34:1 › [REG-M8-084] same seeded browser run reproduces public cards and terminal return (1.9s)
  ✓  31 [chromium] › tests\browser\m8.spec.ts:40:1 › [REG-M8-085] replay JSON is available only at finalized seeded boundary and removed on next round (1.3s)
  ✓  32 [chromium] › tests\browser\m8.spec.ts:46:1 › [REG-M8-086] completed replay reproduces result, is clearly marked and preserves original (1.3s)
  ✓  33 [chromium] › tests\browser\m8.spec.ts:51:1 › [REG-M8-087] public audit displays ordered attribution UTC amounts refunds and pre-round seat occupancy (2.3s)
  ✓  34 [chromium] › tests\browser\m8.spec.ts:83:1 › [REG-M8-088] active audit leaks no known hole identity, physical ID, seed or future shoe (598ms)
  ✓  35 [chromium] › tests\browser\m8.spec.ts:88:1 › [REG-M8-089] active seeded DOM and accessible output omit seed value and replay package (959ms)
  ✓  36 [chromium] › tests\browser\m8.spec.ts:93:1 › [REG-M8-090] M8 tools and replay JSON remain usable at 320px without overflow (1.2s)
  ✓  37 [chromium] › tests\browser\m8.spec.ts:100:1 › [REG-M8-091] keyboard opens advanced settings, chooses profile and starts seeded session (571ms)
{"viewport":{"width":1280,"height":900},"dealer":{"x":490,"y":179.421875,"width":300,"height":142.78125},"own":{"x":289.984375,"y":553.203125,"width":700,"height":236.3125},"action":{"x":458,"y":835.515625,"width":116,"height":52}}
{"viewport":{"width":768,"height":1024},"dealer":{"x":234,"y":174.421875,"width":300,"height":142.78125},"own":{"x":45,"y":600.21875,"width":677.984375,"height":236.3125},"action":{"x":202,"y":885.53125,"width":116,"height":52}}
{"viewport":{"width":320,"height":720},"dealer":{"x":23,"y":154.34375,"width":274,"height":142.78125},"own":{"x":23,"y":561.65625,"width":274,"height":276.171875},"action":{"x":116.65625,"y":872.828125,"width":86.671875,"height":44}}
  ✓  38 [chromium] › tests\browser\m9.spec.ts:8:1 › [M9-E01] first-person cards stay near player and center dealer without overlap on desktop tablet mobile (3.4s)
  ✓  39 [chromium] › tests\browser\m9.spec.ts:39:1 › [M9-E02] original characters and compact mobile public guest cards retain reduced motion and secrecy (781ms)
  ✓  40 [chromium] › tests\browser\m9.spec.ts:54:1 › [M9-E03] own wager deals once, auto settles, repeats original amount and opens fresh betting (1.7s)
  ✓  41 [chromium] › tests\browser\m9.spec.ts:78:1 › [M9-E04] tools start collapsed and seeded replay audit remain deliberately reachable (1.4s)
  ✓  42 [chromium] › tests\browser\m9.spec.ts:104:1 › [M9-E05] deliberate manual demo keeps configuration and explicit progress, then returns to player table (842ms)
  ✓  43 [chromium] › tests\browser\m9.spec.ts:114:1 › [M9-E06] keyboard can wager, reach visible focus, stand and start another round without computer friction (1.0s)
  ✓  44 [chromium] › tests\browser\m9.spec.ts:129:1 › [M9-E07] unconfigured default opens player table and own betting with closed secondary tools (1.1s)
  ✓  45 [chromium] › tests\browser\m9.spec.ts:142:1 › [M9-E08] player Ace decision stays explicit, hidden state stays secret even in expanded audit (1.2s)
  ✓  46 [chromium] › tests\browser\m9.spec.ts:157:1 › [M9-E09] first-person split children remain distinct and automatically finish dealer on mobile (981ms)
  ✓  47 [chromium] › tests\browser\m9.spec.ts:170:1 › [M9-E10] natural resolves without manual continue and pays accepted three-to-two return (926ms)
  ✓  48 [chromium] › tests\browser\m9.spec.ts:179:1 › [M9-E11] exhausted human funds disable repeat and can deliberately start a new credited session (1.0s)
  ✓  49 [chromium] › tests\browser\pa1.spec.ts:13:1 › [PA1-E01] non-blocking default, collision exchange and persistent guests across active play Repeat Bet and Deal Again (1.5s)
  ✓  50 [chromium] › tests\browser\pa1.spec.ts:38:1 › [PA1-E02] changing avatars leaves seeded replay commands gameplay digest funds and audit outcomes identical (1.8s)
  ✓  51 [chromium] › tests\browser\pa1.spec.ts:57:1 › [PA1-E03] all twelve identities display the correct decoded portrait name archetype and human controller without changing cards (4.1s)
  ✓  52 [chromium] › tests\browser\pa1.spec.ts:88:1 › [PA1-E04] character keyboard focus touch targets reduced motion and unclipped identities preserve cards at desktop tablet and mobile widths (5.7s)
  ✓  53 [chromium] › tests\browser\pa1.spec.ts:127:1 › [PA1-E05] failed portraits and 200 percent text enlargement retain readable character identity and playable controls (3.4s)
{"fixture":"basic","viewport":{"width":768,"height":1024},"title":{"x":285.75,"y":484.296875,"width":151.59375,"height":20},"active":{"x":285.75,"y":518.296875,"width":56.640625,"height":20},"intersection":false}
{"fixture":"basic","viewport":{"width":1280,"height":900},"title":{"x":423.234375,"y":514.296875,"width":151.59375,"height":20},"active":{"x":800.109375,"y":517.296875,"width":56.640625,"height":20},"intersection":false}
{"fixture":"basic","viewport":{"width":320,"height":720},"title":{"x":84.203125,"y":828.25,"width":151.59375,"height":20},"active":{"x":131.671875,"y":862.25,"width":56.640625,"height":20},"intersection":false}
{"fixture":"split","viewport":{"width":768,"height":1024},"title":{"x":285.75,"y":484.296875,"width":151.59375,"height":20},"active":{"x":285.75,"y":518.296875,"width":56.640625,"height":20},"intersection":false}
{"fixture":"split","viewport":{"width":1280,"height":900},"title":{"x":423.234375,"y":514.296875,"width":151.59375,"height":20},"active":{"x":800.109375,"y":517.296875,"width":56.640625,"height":20},"intersection":false}
{"fixture":"split","viewport":{"width":320,"height":720},"title":{"x":84.203125,"y":828.25,"width":151.59375,"height":20},"active":{"x":131.671875,"y":862.25,"width":56.640625,"height":20},"intersection":false}
  ✓  54 [chromium] › tests\browser\polish.spec.ts:3:1 › active hand title and ACTIVE badge occupy separate visible space on tablet desktop and mobile (1.6s)
  ✓  55 [chromium] › tests\browser\polish.spec.ts:27:1 › polished desktop anchors dealer and seven seats above visible game controls, with secondary tools closed (1.2s)
  ✓  56 [chromium] › tests\browser\polish.spec.ts:46:1 › mobile puts current cards and actions first, keeps dealer in initial viewport and disables all motion on request (812ms)
  ✓  57 [chromium] › tests\browser\polish.spec.ts:61:1 › wager chips select an amount without placing it, preserving explicit funded commands (793ms)
  ✓  58 [chromium] › tests\browser\polish.spec.ts:71:1 › split children and Charlie retain distinct game-object markers and exact returns (2.0s)
  ✓  59 [chromium] › tests\browser\polish.spec.ts:87:1 › moving the local seat preserves centered priority and seven-seat layout with all computers funded (2.0s)
  ✓  60 [chromium] › tests\browser\portfolio.spec.ts:3:1 › reproducible portfolio screenshots show only public Classic, Charlie and replay/audit views (3.1s)
  ✓  61 [chromium] › tests\browser\ra1.spec.ts:3:1 › RA1 browser RSA offers only legal choices and keyboard Stand declines to complete Soft 12 (1.5s)
  ✓  62 [chromium] › tests\browser\ra1.spec.ts:19:1 › RA1 browser depth-first RSA remains readable with accessible 44px controls across viewport sizes (4.1s)
  ✓  63 [chromium] › tests\browser\ra1.spec.ts:36:1 › RA1 browser unavailable funding and fourth-leaf cap finish A+A without redundant Stand friction (2.3s)

  63 passed (1.5m)
PASS: test:e2e
2026-10-03 11:34:50 +08:00: independently rerunning M1 (12 files)

> casino-blackjack@0.0.0 test
> vitest run tests/harness.test.ts tests/integration/dealerResolution.test.ts tests/integration/roundLifecycle.test.ts tests/unit/card.test.ts tests/unit/dealer.test.ts tests/unit/game.test.ts tests/unit/hand.test.ts tests/unit/playerActions.test.ts tests/unit/publicView.test.ts tests/unit/random.test.ts tests/unit/shoe.test.ts tests/verifyHarness.test.ts


 RUN  v5.0.2 C:/Users/user/Documents/GitHub/casino-blackjack


 Test Files  12 passed (12)
      Tests  155 passed (155)
   Start at  11:34:51
   Duration  5.52s (tests 74%, transform 17%, import 8%, worker 1%)

    Isolate  12 workers spawned · ~498ms startup each (spawn + environment, per file)
             at least ~356ms faster with isolate: false — reuses workers across files instead of one per file

PASS: M1 preservation
2026-10-03 11:34:57 +08:00: independently rerunning M2 (6 files)

> casino-blackjack@0.0.0 test
> vitest run tests/integration/tableActions.test.ts tests/integration/tableAutomation.test.ts tests/integration/tableDeal.test.ts tests/integration/tableLifecycle.test.ts tests/unit/computer.test.ts tests/unit/table.test.ts


 RUN  v5.0.2 C:/Users/user/Documents/GitHub/casino-blackjack


 Test Files  6 passed (6)
      Tests  78 passed (78)
   Start at  11:34:58
   Duration  540ms (transform 56%, tests 21%, import 19%, worker 3%)

PASS: M2 preservation
2026-10-03 11:34:58 +08:00: independently rerunning M3 (5 files)

> casino-blackjack@0.0.0 test
> vitest run tests/integration/betting.test.ts tests/integration/financialLifecycle.test.ts tests/integration/fundedRegression.test.ts tests/integration/settlement.test.ts tests/unit/credits.test.ts


 RUN  v5.0.2 C:/Users/user/Documents/GitHub/casino-blackjack


 Test Files  5 passed (5)
      Tests  72 passed (72)
   Start at  11:34:59
   Duration  507ms (transform 52%, import 23%, tests 21%, worker 4%)

PASS: M3 preservation
2026-10-03 11:35:00 +08:00: independently rerunning M4 (7 files)

> casino-blackjack@0.0.0 test
> vitest run tests/integration/advancedDouble.test.ts tests/integration/advancedFoundation.test.ts tests/integration/advancedIntegrity.test.ts tests/integration/advancedRegression.test.ts tests/integration/advancedResplit.test.ts tests/integration/advancedSettlement.test.ts tests/integration/advancedSplit.test.ts


 RUN  v5.0.2 C:/Users/user/Documents/GitHub/casino-blackjack


 Test Files  7 passed (7)
      Tests  171 passed (171)
   Start at  11:35:01
   Duration  804ms (transform 40%, tests 35%, import 23%, worker 2%)

PASS: M4 preservation
2026-10-03 11:35:02 +08:00: independently rerunning M5 (8 files)

> casino-blackjack@0.0.0 test
> vitest run tests/integration/optionalBetting.test.ts tests/integration/optionalEvaluation.test.ts tests/integration/optionalEvenMoney.test.ts tests/integration/optionalInsurance.test.ts tests/integration/optionalIntegrity.test.ts tests/integration/optionalRegression.test.ts tests/integration/optionalSettlement.test.ts tests/unit/sideBets.test.ts


 RUN  v5.0.2 C:/Users/user/Documents/GitHub/casino-blackjack


 Test Files  8 passed (8)
      Tests  168 passed (168)
   Start at  11:35:02
   Duration  1.01s (transform 50%, import 25%, tests 23%, worker 2%)

PASS: M5 preservation
2026-10-03 11:35:04 +08:00: independently rerunning M6 (9 files)

> casino-blackjack@0.0.0 test
> vitest run tests/integration/behindBetting.test.ts tests/integration/behindDouble.test.ts tests/integration/behindInsurance.test.ts tests/integration/behindIntegrity.test.ts tests/integration/behindOutcomes.test.ts tests/integration/behindOwnership.test.ts tests/integration/behindRegression.test.ts tests/integration/behindSettlement.test.ts tests/integration/behindSplit.test.ts


 RUN  v5.0.2 C:/Users/user/Documents/GitHub/casino-blackjack


 Test Files  9 passed (9)
      Tests  181 passed (181)
   Start at  11:35:04
   Duration  997ms (transform 48%, import 26%, tests 24%, worker 2%)

PASS: M6 preservation
2026-10-03 11:35:05 +08:00: independently rerunning M7 (9 files)

> casino-blackjack@0.0.0 test
> vitest run tests/harness.test.ts tests/integration/advancedDouble.test.ts tests/integration/advancedFoundation.test.ts tests/integration/advancedIntegrity.test.ts tests/integration/advancedRegression.test.ts tests/integration/advancedResplit.test.ts tests/integration/advancedSettlement.test.ts tests/integration/advancedSplit.test.ts tests/integration/behindBetting.test.ts tests/integration/behindDouble.test.ts tests/integration/behindInsurance.test.ts tests/integration/behindIntegrity.test.ts tests/integration/behindOutcomes.test.ts tests/integration/behindOwnership.test.ts tests/integration/behindRegression.test.ts tests/integration/behindSettlement.test.ts tests/integration/behindSplit.test.ts tests/integration/betting.test.ts tests/integration/browserController.test.ts tests/integration/dealerResolution.test.ts tests/integration/financialLifecycle.test.ts tests/integration/fundedRegression.test.ts tests/integration/optionalBetting.test.ts tests/integration/optionalEvaluation.test.ts tests/integration/optionalEvenMoney.test.ts tests/integration/optionalInsurance.test.ts tests/integration/optionalIntegrity.test.ts tests/integration/optionalRegression.test.ts tests/integration/optionalSettlement.test.ts tests/integration/roundLifecycle.test.ts tests/integration/settlement.test.ts tests/integration/tableActions.test.ts tests/integration/tableAutomation.test.ts tests/integration/tableDeal.test.ts tests/integration/tableLifecycle.test.ts tests/unit/browserActions.test.tsx tests/unit/browserBetting.test.tsx tests/unit/browserDecisions.test.tsx tests/unit/browserHarness.test.ts tests/unit/browserRegression.test.ts tests/unit/browserShell.test.tsx tests/unit/browserTable.test.tsx tests/unit/card.test.ts tests/unit/computer.test.ts tests/unit/credits.test.ts tests/unit/dealer.test.ts tests/unit/domainBoundary.test.ts tests/unit/game.test.ts tests/unit/hand.test.ts tests/unit/playerActions.test.ts tests/unit/publicView.test.ts tests/unit/random.test.ts tests/unit/shoe.test.ts tests/unit/sideBets.test.ts tests/unit/table.test.ts tests/verifyHarness.test.ts


 RUN  v5.0.2 C:/Users/user/Documents/GitHub/casino-blackjack


 Test Files  56 passed (56)
      Tests  870 passed (870)
   Start at  11:35:06
   Duration  6.81s (tests 68%, import 19%, transform 11%, worker 2%)

    Isolate  56 workers spawned · ~291ms startup each (spawn + environment, per file)
             at least ~2.04s faster with isolate: false — reuses workers across files instead of one per file

PASS: M7 preservation

> casino-blackjack@0.0.0 test:e2e
> playwright test tests/browser/accessibility.spec.ts tests/browser/gameplay.spec.ts

[WebServer] (node:32528) Warning: The 'NO_COLOR' env is ignored due to the 'FORCE_COLOR' env being set.
[WebServer] (Use `node --trace-warnings ...` to show where the warning was created)

Running 24 tests using 1 worker

(node:21732) Warning: The 'NO_COLOR' env is ignored due to the 'FORCE_COLOR' env being set.
(Use `node --trace-warnings ...` to show where the warning was created)
  ✓   1 [chromium] › tests\browser\accessibility.spec.ts:10:1 › [REG-M7-041] [UX-11] [E2E-12] keyboard-only setup, wager, Hit/Stand and completion with visible focus (2.1s)
  ✓   2 [chromium] › tests\browser\accessibility.spec.ts:22:1 › [REG-M7-042] desktop has no horizontal overflow and primary controls meet touch height (1.0s)
  ✓   3 [chromium] › tests\browser\accessibility.spec.ts:31:1 › [REG-M7-043] [UX-12] [E2E-13] 320px mobile prioritizes the local hand without page horizontal overflow (798ms)
  ✓   4 [chromium] › tests\browser\accessibility.spec.ts:43:1 › [REG-M7-044] reduced-motion still exposes controls, semantic names and secret-free card back (785ms)
  ✓   5 [chromium] › tests\browser\gameplay.spec.ts:7:1 › [REG-M7-045] [E2E-01] start a round and complete exact Hit/Stand flow (1.2s)
  ✓   6 [chromium] › tests\browser\gameplay.spec.ts:15:1 › [REG-M7-046] [UX-04] [E2E-02] known hidden rank/suit/physical ID absent from DOM and accessibility until reveal (957ms)
  ✓   7 [chromium] › tests\browser\gameplay.spec.ts:28:1 › [REG-M7-047] [UX-06] [E2E-03] completed hand has no further gameplay controls (1.0s)
  ✓   8 [chromium] › tests\browser\gameplay.spec.ts:33:1 › [REG-M7-048] [UX-08] [E2E-04] insufficient available credits disable Double with a reason (783ms)
  ✓   9 [chromium] › tests\browser\gameplay.spec.ts:38:1 › [REG-M7-049] [UX-09] [E2E-05] Split displays two ordered hands and activates the sibling after Stand (971ms)
  ✓  10 [chromium] › tests\browser\gameplay.spec.ts:45:1 › [REG-M7-050] [E2E-06] Split Aces have one added card each and no Hit/Double/Surrender (924ms)
  ✓  11 [chromium] › tests\browser\gameplay.spec.ts:51:1 › [REG-M7-051] [E2E-07] Surrender shows exact half returned and half lost (797ms)
  ✓  12 [chromium] › tests\browser\gameplay.spec.ts:55:1 › [REG-M7-052] [E2E-08] Ace choices are before peek and eligible Even Money is distinct (781ms)
  ✓  13 [chromium] › tests\browser\gameplay.spec.ts:61:1 › [REG-M7-053] [UX-10] [E2E-09] one seat busts while another remains active and hole card stays hidden (897ms)
  ✓  14 [chromium] › tests\browser\gameplay.spec.ts:66:1 › [REG-M7-054] [E2E-10] independent side result survives a main loss (911ms)
  ✓  15 [chromium] › tests\browser\gameplay.spec.ts:71:1 › [REG-M7-055] [E2E-11] spectator follower cannot control target hand (825ms)
  ✓  16 [chromium] › tests\browser\gameplay.spec.ts:76:1 › [REG-M7-056] [E2E-14] CLASSIC five-card hand is not Charlie and can continue (1.0s)
  ✓  17 [chromium] › tests\browser\gameplay.spec.ts:81:1 › [REG-M7-057] [E2E-15] required-draw fault is interruption/VOID/refund with no normal winner (929ms)
  ✓  18 [chromium] › tests\browser\gameplay.spec.ts:87:1 › [REG-M7-058] controlled Double follow ADD has exact funded exposure and matching result (793ms)
  ✓  19 [chromium] › tests\browser\gameplay.spec.ts:92:1 › [REG-M7-059] controlled Split follow NO ADD tracks only ordered first child (683ms)
  ✓  20 [chromium] › tests\browser\gameplay.spec.ts:97:1 › [REG-M7-060] unfunded follow ADD is disabled without vetoing NO ADD continuation (762ms)
  ✓  21 [chromium] › tests\browser\gameplay.spec.ts:101:1 › [REG-M7-061] Insurance is separate and unavailable after peek; unfunded choice remains disabled (1.1s)
  ✓  22 [chromium] › tests\browser\gameplay.spec.ts:106:1 › [REG-M7-062] next round retains available funds and truthfully continues the same shoe (1.2s)
  ✓  23 [chromium] › tests\browser\gameplay.spec.ts:114:1 › [REG-M7-063] spectator setup places a real Bet Behind without an own MAIN or side bets (1.0s)
  ✓  24 [chromium] › tests\browser\gameplay.spec.ts:121:1 › [REG-M7-064] Re-split retains depth-first stable hand identities and completed leaves (994ms)

  24 passed (25.5s)
PASS: M7 accepted Chromium inventory
PASS: domain changes bounded to authorized RA1 modules; 66 Vitest / 5 browser source files and every original assertion preserved
2026-10-03 11:35:44 +08:00: independently rerunning accepted M8 (66 files / 956 tests)

> casino-blackjack@0.0.0 test
> vitest run tests/harness.test.ts tests/integration/advancedDouble.test.ts tests/integration/advancedFoundation.test.ts tests/integration/advancedIntegrity.test.ts tests/integration/advancedRegression.test.ts tests/integration/advancedResplit.test.ts tests/integration/advancedSettlement.test.ts tests/integration/advancedSplit.test.ts tests/integration/audit.test.ts tests/integration/behindBetting.test.ts tests/integration/behindDouble.test.ts tests/integration/behindInsurance.test.ts tests/integration/behindIntegrity.test.ts tests/integration/behindOutcomes.test.ts tests/integration/behindOwnership.test.ts tests/integration/behindRegression.test.ts tests/integration/behindSettlement.test.ts tests/integration/behindSplit.test.ts tests/integration/betting.test.ts tests/integration/browserController.test.ts tests/integration/browserDemo.test.ts tests/integration/charlie.test.ts tests/integration/dealerResolution.test.ts tests/integration/financialLifecycle.test.ts tests/integration/fundedRegression.test.ts tests/integration/m8Invariants.test.ts tests/integration/optionalBetting.test.ts tests/integration/optionalEvaluation.test.ts tests/integration/optionalEvenMoney.test.ts tests/integration/optionalInsurance.test.ts tests/integration/optionalIntegrity.test.ts tests/integration/optionalRegression.test.ts tests/integration/optionalSettlement.test.ts tests/integration/replay.test.ts tests/integration/roundLifecycle.test.ts tests/integration/settlement.test.ts tests/integration/tableActions.test.ts tests/integration/tableAutomation.test.ts tests/integration/tableDeal.test.ts tests/integration/tableLifecycle.test.ts tests/unit/browserActions.test.tsx tests/unit/browserBetting.test.tsx tests/unit/browserDecisions.test.tsx tests/unit/browserHarness.test.ts tests/unit/browserRegression.test.ts tests/unit/browserShell.test.tsx tests/unit/browserTable.test.tsx tests/unit/card.test.ts tests/unit/computer.test.ts tests/unit/credits.test.ts tests/unit/dealer.test.ts tests/unit/domainBoundary.test.ts tests/unit/game.test.ts tests/unit/hand.test.ts tests/unit/m8Contract.test.ts tests/unit/m8Harness.test.ts tests/unit/m8Regression.test.ts tests/unit/playerActions.test.ts tests/unit/portfolio.test.ts tests/unit/profileRandom.test.ts tests/unit/publicView.test.ts tests/unit/random.test.ts tests/unit/shoe.test.ts tests/unit/sideBets.test.ts tests/unit/table.test.ts tests/verifyHarness.test.ts


 RUN  v5.0.2 C:/Users/user/Documents/GitHub/casino-blackjack


 Test Files  66 passed (66)
      Tests  956 passed (956)
   Start at  11:35:45
   Duration  11.02s (tests 76%, import 15%, transform 8%, worker 1%)

    Isolate  66 workers spawned · ~342ms startup each (spawn + environment, per file)
             at least ~2.88s faster with isolate: false — reuses workers across files instead of one per file


> casino-blackjack@0.0.0 test:e2e
> playwright test tests/browser/accessibility.spec.ts tests/browser/gameplay.spec.ts tests/browser/m8.spec.ts tests/browser/polish.spec.ts tests/browser/portfolio.spec.ts

[WebServer] (node:34312) Warning: The 'NO_COLOR' env is ignored due to the 'FORCE_COLOR' env being set.
[WebServer] (Use `node --trace-warnings ...` to show where the warning was created)

Running 44 tests using 1 worker

(node:19136) Warning: The 'NO_COLOR' env is ignored due to the 'FORCE_COLOR' env being set.
(Use `node --trace-warnings ...` to show where the warning was created)
  ✓   1 [chromium] › tests\browser\accessibility.spec.ts:10:1 › [REG-M7-041] [UX-11] [E2E-12] keyboard-only setup, wager, Hit/Stand and completion with visible focus (2.1s)
  ✓   2 [chromium] › tests\browser\accessibility.spec.ts:22:1 › [REG-M7-042] desktop has no horizontal overflow and primary controls meet touch height (1.0s)
  ✓   3 [chromium] › tests\browser\accessibility.spec.ts:31:1 › [REG-M7-043] [UX-12] [E2E-13] 320px mobile prioritizes the local hand without page horizontal overflow (731ms)
  ✓   4 [chromium] › tests\browser\accessibility.spec.ts:43:1 › [REG-M7-044] reduced-motion still exposes controls, semantic names and secret-free card back (709ms)
  ✓   5 [chromium] › tests\browser\gameplay.spec.ts:7:1 › [REG-M7-045] [E2E-01] start a round and complete exact Hit/Stand flow (1.0s)
  ✓   6 [chromium] › tests\browser\gameplay.spec.ts:15:1 › [REG-M7-046] [UX-04] [E2E-02] known hidden rank/suit/physical ID absent from DOM and accessibility until reveal (859ms)
  ✓   7 [chromium] › tests\browser\gameplay.spec.ts:28:1 › [REG-M7-047] [UX-06] [E2E-03] completed hand has no further gameplay controls (897ms)
  ✓   8 [chromium] › tests\browser\gameplay.spec.ts:33:1 › [REG-M7-048] [UX-08] [E2E-04] insufficient available credits disable Double with a reason (660ms)
  ✓   9 [chromium] › tests\browser\gameplay.spec.ts:38:1 › [REG-M7-049] [UX-09] [E2E-05] Split displays two ordered hands and activates the sibling after Stand (839ms)
  ✓  10 [chromium] › tests\browser\gameplay.spec.ts:45:1 › [REG-M7-050] [E2E-06] Split Aces have one added card each and no Hit/Double/Surrender (911ms)
  ✓  11 [chromium] › tests\browser\gameplay.spec.ts:51:1 › [REG-M7-051] [E2E-07] Surrender shows exact half returned and half lost (876ms)
  ✓  12 [chromium] › tests\browser\gameplay.spec.ts:55:1 › [REG-M7-052] [E2E-08] Ace choices are before peek and eligible Even Money is distinct (727ms)
  ✓  13 [chromium] › tests\browser\gameplay.spec.ts:61:1 › [REG-M7-053] [UX-10] [E2E-09] one seat busts while another remains active and hole card stays hidden (914ms)
  ✓  14 [chromium] › tests\browser\gameplay.spec.ts:66:1 › [REG-M7-054] [E2E-10] independent side result survives a main loss (1.0s)
  ✓  15 [chromium] › tests\browser\gameplay.spec.ts:71:1 › [REG-M7-055] [E2E-11] spectator follower cannot control target hand (803ms)
  ✓  16 [chromium] › tests\browser\gameplay.spec.ts:76:1 › [REG-M7-056] [E2E-14] CLASSIC five-card hand is not Charlie and can continue (951ms)
  ✓  17 [chromium] › tests\browser\gameplay.spec.ts:81:1 › [REG-M7-057] [E2E-15] required-draw fault is interruption/VOID/refund with no normal winner (848ms)
  ✓  18 [chromium] › tests\browser\gameplay.spec.ts:87:1 › [REG-M7-058] controlled Double follow ADD has exact funded exposure and matching result (726ms)
  ✓  19 [chromium] › tests\browser\gameplay.spec.ts:92:1 › [REG-M7-059] controlled Split follow NO ADD tracks only ordered first child (696ms)
  ✓  20 [chromium] › tests\browser\gameplay.spec.ts:97:1 › [REG-M7-060] unfunded follow ADD is disabled without vetoing NO ADD continuation (794ms)
  ✓  21 [chromium] › tests\browser\gameplay.spec.ts:101:1 › [REG-M7-061] Insurance is separate and unavailable after peek; unfunded choice remains disabled (1.2s)
  ✓  22 [chromium] › tests\browser\gameplay.spec.ts:106:1 › [REG-M7-062] next round retains available funds and truthfully continues the same shoe (1.2s)
  ✓  23 [chromium] › tests\browser\gameplay.spec.ts:114:1 › [REG-M7-063] spectator setup places a real Bet Behind without an own MAIN or side bets (1.1s)
  ✓  24 [chromium] › tests\browser\gameplay.spec.ts:121:1 › [REG-M7-064] Re-split retains depth-first stable hand identities and completed leaves (1.0s)
  ✓  25 [chromium] › tests\browser\m8.spec.ts:11:1 › [REG-M8-079] Classic five-card hand has no Charlie result and can continue (1.0s)
  ✓  26 [chromium] › tests\browser\m8.spec.ts:15:1 › [REG-M8-080] Charlie profile is selected explicitly before seeded play (1.1s)
  ✓  27 [chromium] › tests\browser\m8.spec.ts:21:1 › [REG-M8-081] five-card Charlie presents normal 1:1 return and ends actions (1.2s)
  ✓  28 [chromium] › tests\browser\m8.spec.ts:26:1 › [REG-M8-082] fifth-card 21 says Charlie Win rather than Blackjack (1.3s)
  ✓  29 [chromium] › tests\browser\m8.spec.ts:30:1 › [REG-M8-083] profile and seed controls cannot change during active hidden-card round (1.1s)
  ✓  30 [chromium] › tests\browser\m8.spec.ts:34:1 › [REG-M8-084] same seeded browser run reproduces public cards and terminal return (2.1s)
  ✓  31 [chromium] › tests\browser\m8.spec.ts:40:1 › [REG-M8-085] replay JSON is available only at finalized seeded boundary and removed on next round (1.3s)
  ✓  32 [chromium] › tests\browser\m8.spec.ts:46:1 › [REG-M8-086] completed replay reproduces result, is clearly marked and preserves original (1.2s)
  ✓  33 [chromium] › tests\browser\m8.spec.ts:51:1 › [REG-M8-087] public audit displays ordered attribution UTC amounts refunds and pre-round seat occupancy (2.6s)
  ✓  34 [chromium] › tests\browser\m8.spec.ts:83:1 › [REG-M8-088] active audit leaks no known hole identity, physical ID, seed or future shoe (616ms)
  ✓  35 [chromium] › tests\browser\m8.spec.ts:88:1 › [REG-M8-089] active seeded DOM and accessible output omit seed value and replay package (998ms)
  ✓  36 [chromium] › tests\browser\m8.spec.ts:93:1 › [REG-M8-090] M8 tools and replay JSON remain usable at 320px without overflow (1.2s)
  ✓  37 [chromium] › tests\browser\m8.spec.ts:100:1 › [REG-M8-091] keyboard opens advanced settings, chooses profile and starts seeded session (644ms)
{"fixture":"basic","viewport":{"width":768,"height":1024},"title":{"x":285.75,"y":484.296875,"width":151.59375,"height":20},"active":{"x":285.75,"y":518.296875,"width":56.640625,"height":20},"intersection":false}
{"fixture":"basic","viewport":{"width":1280,"height":900},"title":{"x":423.234375,"y":514.296875,"width":151.59375,"height":20},"active":{"x":800.109375,"y":517.296875,"width":56.640625,"height":20},"intersection":false}
{"fixture":"basic","viewport":{"width":320,"height":720},"title":{"x":84.203125,"y":828.25,"width":151.59375,"height":20},"active":{"x":131.671875,"y":862.25,"width":56.640625,"height":20},"intersection":false}
{"fixture":"split","viewport":{"width":768,"height":1024},"title":{"x":285.75,"y":484.296875,"width":151.59375,"height":20},"active":{"x":285.75,"y":518.296875,"width":56.640625,"height":20},"intersection":false}
{"fixture":"split","viewport":{"width":1280,"height":900},"title":{"x":423.234375,"y":514.296875,"width":151.59375,"height":20},"active":{"x":800.109375,"y":517.296875,"width":56.640625,"height":20},"intersection":false}
{"fixture":"split","viewport":{"width":320,"height":720},"title":{"x":84.203125,"y":828.25,"width":151.59375,"height":20},"active":{"x":131.671875,"y":862.25,"width":56.640625,"height":20},"intersection":false}
  ✓  38 [chromium] › tests\browser\polish.spec.ts:3:1 › active hand title and ACTIVE badge occupy separate visible space on tablet desktop and mobile (1.3s)
  ✓  39 [chromium] › tests\browser\polish.spec.ts:27:1 › polished desktop anchors dealer and seven seats above visible game controls, with secondary tools closed (762ms)
  ✓  40 [chromium] › tests\browser\polish.spec.ts:46:1 › mobile puts current cards and actions first, keeps dealer in initial viewport and disables all motion on request (683ms)
  ✓  41 [chromium] › tests\browser\polish.spec.ts:61:1 › wager chips select an amount without placing it, preserving explicit funded commands (760ms)
  ✓  42 [chromium] › tests\browser\polish.spec.ts:71:1 › split children and Charlie retain distinct game-object markers and exact returns (1.5s)
  ✓  43 [chromium] › tests\browser\polish.spec.ts:87:1 › moving the local seat preserves centered priority and seven-seat layout with all computers funded (1.5s)
  ✓  44 [chromium] › tests\browser\portfolio.spec.ts:3:1 › reproducible portfolio screenshots show only public Classic, Charlie and replay/audit views (2.5s)

  44 passed (50.9s)
PASS: M8 accepted 956 Vitest / 44 Chromium inventory
PASS: preservation
PASS: engineering verification
