
> casino-blackjack@0.0.0 test:e2e
> playwright test tests/browser/m9.spec.ts tests/browser/pa1-review-t05.spec.ts --repeat-each 3

npm.cmd : [WebServer] (node:29972) Warning: The 'NO_COLOR' env is ignored due to the 'FORCE_COLOR' env being set.
雿 蝺楝:17 摮?:1
+ npm.cmd run test:e2e -- tests/browser/m9.spec.ts tests/browser/pa1-re ...
+ ~~~~~~~~~~~~~~~~~~~~~~~~~~~~~~~~~~~~~~~~~~~~~~~~~~~~~~~~~~~~~~~~~~~~~
    + CategoryInfo          : NotSpecified: ([WebServer] (no... env being set.:String) [], RemoteException
    + FullyQualifiedErrorId : NativeCommandError

[WebServer] (Use `node --trace-warnings ...` to show where the warning was created)

Running 42 tests using 1 worker

(node:14444) Warning: The 'NO_COLOR' env is ignored due to the 'FORCE_COLOR' env being set.
(Use `node --trace-warnings ...` to show where the warning was created)
{"viewport":{"width":1280,"height":900},"dealer":{"x":490,"y":179.421875,"width":300,"height":142.78125},"own":{"x":289.984375,"y":553.203125,"width":700,"height":236.3125},"action":{"x":458,"y":835.515625,"width":116,"height":52}}
{"viewport":{"width":768,"height":1024},"dealer":{"x":234,"y":174.421875,"width":300,"height":142.78125},"own":{"x":45,"y":600.21875,"width":677.984375,"height":236.3125},"action":{"x":202,"y":885.53125,"width":116,"height":52}}
{"viewport":{"width":320,"height":720},"dealer":{"x":23,"y":154.34375,"width":274,"height":142.78125},"own":{"x":23,"y":561.65625,"width":274,"height":276.171875},"action":{"x":116.65625,"y":872.828125,"width":86.671875,"height":44}}
  ??  1 [chromium] ??tests\browser\m9.spec.ts:8:1 ??[M9-E01] first-person cards stay near player and center dealer without overlap on desktop tablet mobile (3.3s)
  ??  2 [chromium] ??tests\browser\m9.spec.ts:39:1 ??[M9-E02] original characters and compact mobile public guest cards retain reduced motion and secrecy (780ms)
  ??  3 [chromium] ??tests\browser\m9.spec.ts:54:1 ??[M9-E03] own wager deals once, auto settles, repeats original amount and opens fresh betting (1.6s)
  ??  4 [chromium] ??tests\browser\m9.spec.ts:78:1 ??[M9-E04] tools start collapsed and seeded replay audit remain deliberately reachable (1.4s)
  ??  5 [chromium] ??tests\browser\m9.spec.ts:104:1 ??[M9-E05] deliberate manual demo keeps configuration and explicit progress, then returns to player table (779ms)
  ??  6 [chromium] ??tests\browser\m9.spec.ts:114:1 ??[M9-E06] keyboard can wager, reach visible focus, stand and start another round without computer friction (1.0s)
  ??  7 [chromium] ??tests\browser\m9.spec.ts:129:1 ??[M9-E07] unconfigured default opens player table and own betting with closed secondary tools (1.3s)
  ??  8 [chromium] ??tests\browser\m9.spec.ts:142:1 ??[M9-E08] player Ace decision stays explicit, hidden state stays secret even in expanded audit (1.2s)
  ??  9 [chromium] ??tests\browser\m9.spec.ts:157:1 ??[M9-E09] first-person split children remain distinct and automatically finish dealer on mobile (879ms)
  ?? 10 [chromium] ??tests\browser\m9.spec.ts:170:1 ??[M9-E10] natural resolves without manual continue and pays accepted three-to-two return (831ms)
  ?? 11 [chromium] ??tests\browser\m9.spec.ts:179:1 ??[M9-E11] exhausted human funds disable repeat and can deliberately start a new credited session (1.0s)
  ?? 12 [chromium] ??tests\browser\pa1-review-t05.spec.ts:13:1 ??[PA1-E01] non-blocking default, collision exchange and persistent guests across active play Repeat Bet and Deal Again (1.5s)
  ?? 13 [chromium] ??tests\browser\pa1-review-t05.spec.ts:38:1 ??[PA1-E02] changing avatars leaves seeded replay commands gameplay digest funds and audit outcomes identical (1.9s)
  ?? 14 [chromium] ??tests\browser\pa1-review-t05.spec.ts:57:1 ??[PA1-E03] all twelve identities display the correct decoded portrait name archetype and human controller without changing cards (2.2s)
(node:15012) Warning: The 'NO_COLOR' env is ignored due to the 'FORCE_COLOR' env being set.
(Use `node --trace-warnings ...` to show where the warning was created)
{"viewport":{"width":1280,"height":900},"dealer":{"x":490,"y":179.421875,"width":300,"height":142.78125},"own":{"x":289.984375,"y":553.203125,"width":700,"height":236.3125},"action":{"x":458,"y":835.515625,"width":116,"height":52}}
{"viewport":{"width":768,"height":1024},"dealer":{"x":234,"y":174.421875,"width":300,"height":142.78125},"own":{"x":45,"y":600.21875,"width":677.984375,"height":236.3125},"action":{"x":202,"y":885.53125,"width":116,"height":52}}
{"viewport":{"width":320,"height":720},"dealer":{"x":23,"y":154.34375,"width":274,"height":142.78125},"own":{"x":23,"y":561.65625,"width":274,"height":276.171875},"action":{"x":116.65625,"y":872.828125,"width":86.671875,"height":44}}
  ?? 15 [chromium] ??tests\browser\m9.spec.ts:8:1 ??[M9-E01] first-person cards stay near player and center dealer without overlap on desktop tablet mobile (4.6s)
  ?? 16 [chromium] ??tests\browser\m9.spec.ts:39:1 ??[M9-E02] original characters and compact mobile public guest cards retain reduced motion and secrecy (1.2s)
  ?? 17 [chromium] ??tests\browser\m9.spec.ts:54:1 ??[M9-E03] own wager deals once, auto settles, repeats original amount and opens fresh betting (2.4s)
  ?? 18 [chromium] ??tests\browser\m9.spec.ts:78:1 ??[M9-E04] tools start collapsed and seeded replay audit remain deliberately reachable (1.8s)
  ?? 19 [chromium] ??tests\browser\m9.spec.ts:104:1 ??[M9-E05] deliberate manual demo keeps configuration and explicit progress, then returns to player table (1.0s)
  ?? 20 [chromium] ??tests\browser\m9.spec.ts:114:1 ??[M9-E06] keyboard can wager, reach visible focus, stand and start another round without computer friction (1.0s)
  ?? 21 [chromium] ??tests\browser\m9.spec.ts:129:1 ??[M9-E07] unconfigured default opens player table and own betting with closed secondary tools (1.3s)
  ?? 22 [chromium] ??tests\browser\m9.spec.ts:142:1 ??[M9-E08] player Ace decision stays explicit, hidden state stays secret even in expanded audit (1.2s)
  ?? 23 [chromium] ??tests\browser\m9.spec.ts:157:1 ??[M9-E09] first-person split children remain distinct and automatically finish dealer on mobile (999ms)
  ?? 24 [chromium] ??tests\browser\m9.spec.ts:170:1 ??[M9-E10] natural resolves without manual continue and pays accepted three-to-two return (944ms)
  ?? 25 [chromium] ??tests\browser\m9.spec.ts:179:1 ??[M9-E11] exhausted human funds disable repeat and can deliberately start a new credited session (1.1s)
  ?? 26 [chromium] ??tests\browser\pa1-review-t05.spec.ts:13:1 ??[PA1-E01] non-blocking default, collision exchange and persistent guests across active play Repeat Bet and Deal Again (1.6s)
  ?? 27 [chromium] ??tests\browser\pa1-review-t05.spec.ts:38:1 ??[PA1-E02] changing avatars leaves seeded replay commands gameplay digest funds and audit outcomes identical (1.8s)
  ?? 28 [chromium] ??tests\browser\pa1-review-t05.spec.ts:57:1 ??[PA1-E03] all twelve identities display the correct decoded portrait name archetype and human controller without changing cards (2.3s)
(node:16580) Warning: The 'NO_COLOR' env is ignored due to the 'FORCE_COLOR' env being set.
(Use `node --trace-warnings ...` to show where the warning was created)
{"viewport":{"width":1280,"height":900},"dealer":{"x":490,"y":179.421875,"width":300,"height":142.78125},"own":{"x":289.984375,"y":553.203125,"width":700,"height":236.3125},"action":{"x":458,"y":835.515625,"width":116,"height":52}}
{"viewport":{"width":768,"height":1024},"dealer":{"x":234,"y":174.421875,"width":300,"height":142.78125},"own":{"x":45,"y":600.21875,"width":677.984375,"height":236.3125},"action":{"x":202,"y":885.53125,"width":116,"height":52}}
{"viewport":{"width":320,"height":720},"dealer":{"x":23,"y":154.34375,"width":274,"height":142.78125},"own":{"x":23,"y":561.65625,"width":274,"height":276.171875},"action":{"x":116.65625,"y":872.828125,"width":86.671875,"height":44}}
  ?? 29 [chromium] ??tests\browser\m9.spec.ts:8:1 ??[M9-E01] first-person cards stay near player and center dealer without overlap on desktop tablet mobile (3.6s)
  ?? 30 [chromium] ??tests\browser\m9.spec.ts:39:1 ??[M9-E02] original characters and compact mobile public guest cards retain reduced motion and secrecy (835ms)
  ?? 31 [chromium] ??tests\browser\m9.spec.ts:54:1 ??[M9-E03] own wager deals once, auto settles, repeats original amount and opens fresh betting (1.8s)
  ?? 32 [chromium] ??tests\browser\m9.spec.ts:78:1 ??[M9-E04] tools start collapsed and seeded replay audit remain deliberately reachable (1.4s)
  ?? 33 [chromium] ??tests\browser\m9.spec.ts:104:1 ??[M9-E05] deliberate manual demo keeps configuration and explicit progress, then returns to player table (840ms)
  ?? 34 [chromium] ??tests\browser\m9.spec.ts:114:1 ??[M9-E06] keyboard can wager, reach visible focus, stand and start another round without computer friction (1.0s)
  ?? 35 [chromium] ??tests\browser\m9.spec.ts:129:1 ??[M9-E07] unconfigured default opens player table and own betting with closed secondary tools (1.1s)
  ?? 36 [chromium] ??tests\browser\m9.spec.ts:142:1 ??[M9-E08] player Ace decision stays explicit, hidden state stays secret even in expanded audit (1.2s)
  ?? 37 [chromium] ??tests\browser\m9.spec.ts:157:1 ??[M9-E09] first-person split children remain distinct and automatically finish dealer on mobile (903ms)
  ?? 38 [chromium] ??tests\browser\m9.spec.ts:170:1 ??[M9-E10] natural resolves without manual continue and pays accepted three-to-two return (941ms)
  ?? 39 [chromium] ??tests\browser\m9.spec.ts:179:1 ??[M9-E11] exhausted human funds disable repeat and can deliberately start a new credited session (1.0s)
  ?? 40 [chromium] ??tests\browser\pa1-review-t05.spec.ts:13:1 ??[PA1-E01] non-blocking default, collision exchange and persistent guests across active play Repeat Bet and Deal Again (1.5s)
  ?? 41 [chromium] ??tests\browser\pa1-review-t05.spec.ts:38:1 ??[PA1-E02] changing avatars leaves seeded replay commands gameplay digest funds and audit outcomes identical (1.8s)
  ?? 42 [chromium] ??tests\browser\pa1-review-t05.spec.ts:57:1 ??[PA1-E03] all twelve identities display the correct decoded portrait name archetype and human controller without changing cards (2.3s)

  42 passed (1.1m)
